Archive member included to satisfy reference by file (symbol)

/usr/lib/gcc/arm-none-eabi/10.3.1/thumb/v6-m/nofp/libgcc.a(_dvmd_tls.o)
                              CMakeFiles/motor4_driver.dir/home/administrator/pico/pico-sdk/src/rp2_common/pico_divider/divider.S.obj (__aeabi_idiv0)
/usr/lib/gcc/arm-none-eabi/10.3.1/../../../arm-none-eabi/lib/thumb/v6-m/nofp/libc.a(lib_a-atexit.o)
                              /usr/lib/gcc/arm-none-eabi/10.3.1/../../../arm-none-eabi/lib/thumb/v6-m/nofp/crt0.o (atexit)
/usr/lib/gcc/arm-none-eabi/10.3.1/../../../arm-none-eabi/lib/thumb/v6-m/nofp/libc.a(lib_a-atoi.o)
                              CMakeFiles/motor4_driver.dir/ROSPicoBridge.c.obj (atoi)
/usr/lib/gcc/arm-none-eabi/10.3.1/../../../arm-none-eabi/lib/thumb/v6-m/nofp/libc.a(lib_a-calloc.o)
                              CMakeFiles/motor4_driver.dir/home/administrator/pico/pico-sdk/src/rp2_common/pico_malloc/pico_malloc.c.obj (calloc)
/usr/lib/gcc/arm-none-eabi/10.3.1/../../../arm-none-eabi/lib/thumb/v6-m/nofp/libc.a(lib_a-callocr.o)
                              /usr/lib/gcc/arm-none-eabi/10.3.1/../../../arm-none-eabi/lib/thumb/v6-m/nofp/libc.a(lib_a-calloc.o) (_calloc_r)
/usr/lib/gcc/arm-none-eabi/10.3.1/../../../arm-none-eabi/lib/thumb/v6-m/nofp/libc.a(lib_a-fini.o)
                              /usr/lib/gcc/arm-none-eabi/10.3.1/../../../arm-none-eabi/lib/thumb/v6-m/nofp/crt0.o (__libc_fini_array)
/usr/lib/gcc/arm-none-eabi/10.3.1/../../../arm-none-eabi/lib/thumb/v6-m/nofp/libc.a(lib_a-impure.o)
                              /usr/lib/gcc/arm-none-eabi/10.3.1/../../../arm-none-eabi/lib/thumb/v6-m/nofp/libc.a(lib_a-calloc.o) (_impure_ptr)
/usr/lib/gcc/arm-none-eabi/10.3.1/../../../arm-none-eabi/lib/thumb/v6-m/nofp/libc.a(lib_a-init.o)
                              /usr/lib/gcc/arm-none-eabi/10.3.1/../../../arm-none-eabi/lib/thumb/v6-m/nofp/crt0.o (__libc_init_array)
/usr/lib/gcc/arm-none-eabi/10.3.1/../../../arm-none-eabi/lib/thumb/v6-m/nofp/libc.a(lib_a-malloc.o)
                              CMakeFiles/motor4_driver.dir/home/administrator/pico/pico-sdk/src/rp2_common/pico_malloc/pico_malloc.c.obj (malloc)
/usr/lib/gcc/arm-none-eabi/10.3.1/../../../arm-none-eabi/lib/thumb/v6-m/nofp/libc.a(lib_a-mallocr.o)
                              /usr/lib/gcc/arm-none-eabi/10.3.1/../../../arm-none-eabi/lib/thumb/v6-m/nofp/libc.a(lib_a-callocr.o) (_malloc_r)
/usr/lib/gcc/arm-none-eabi/10.3.1/../../../arm-none-eabi/lib/thumb/v6-m/nofp/libc.a(lib_a-mlock.o)
                              /usr/lib/gcc/arm-none-eabi/10.3.1/../../../arm-none-eabi/lib/thumb/v6-m/nofp/libc.a(lib_a-mallocr.o) (__malloc_lock)
/usr/lib/gcc/arm-none-eabi/10.3.1/../../../arm-none-eabi/lib/thumb/v6-m/nofp/libc.a(lib_a-realloc.o)
                              CMakeFiles/motor4_driver.dir/home/administrator/pico/pico-sdk/src/rp2_common/pico_malloc/pico_malloc.c.obj (realloc)
/usr/lib/gcc/arm-none-eabi/10.3.1/../../../arm-none-eabi/lib/thumb/v6-m/nofp/libc.a(lib_a-reallocr.o)
                              /usr/lib/gcc/arm-none-eabi/10.3.1/../../../arm-none-eabi/lib/thumb/v6-m/nofp/libc.a(lib_a-realloc.o) (_realloc_r)
/usr/lib/gcc/arm-none-eabi/10.3.1/../../../arm-none-eabi/lib/thumb/v6-m/nofp/libc.a(lib_a-sbrkr.o)
                              /usr/lib/gcc/arm-none-eabi/10.3.1/../../../arm-none-eabi/lib/thumb/v6-m/nofp/libc.a(lib_a-mallocr.o) (_sbrk_r)
/usr/lib/gcc/arm-none-eabi/10.3.1/../../../arm-none-eabi/lib/thumb/v6-m/nofp/libc.a(lib_a-strlen-stub.o)
                              CMakeFiles/motor4_driver.dir/home/administrator/pico/pico-sdk/src/rp2_common/pico_stdio/stdio.c.obj (strlen)
/usr/lib/gcc/arm-none-eabi/10.3.1/../../../arm-none-eabi/lib/thumb/v6-m/nofp/libc.a(lib_a-strtok_r.o)
                              CMakeFiles/motor4_driver.dir/ROSPicoBridge.c.obj (strtok_r)
/usr/lib/gcc/arm-none-eabi/10.3.1/../../../arm-none-eabi/lib/thumb/v6-m/nofp/libc.a(lib_a-strtol.o)
                              /usr/lib/gcc/arm-none-eabi/10.3.1/../../../arm-none-eabi/lib/thumb/v6-m/nofp/libc.a(lib_a-atoi.o) (_strtol_r)
/usr/lib/gcc/arm-none-eabi/10.3.1/../../../arm-none-eabi/lib/thumb/v6-m/nofp/libc.a(lib_a-__atexit.o)
                              /usr/lib/gcc/arm-none-eabi/10.3.1/../../../arm-none-eabi/lib/thumb/v6-m/nofp/libc.a(lib_a-atexit.o) (__register_exitproc)
/usr/lib/gcc/arm-none-eabi/10.3.1/../../../arm-none-eabi/lib/thumb/v6-m/nofp/libc.a(lib_a-ctype_.o)
                              /usr/lib/gcc/arm-none-eabi/10.3.1/../../../arm-none-eabi/lib/thumb/v6-m/nofp/libc.a(lib_a-strtol.o) (_ctype_)
/usr/lib/gcc/arm-none-eabi/10.3.1/../../../arm-none-eabi/lib/thumb/v6-m/nofp/libc.a(lib_a-errno.o)
                              /usr/lib/gcc/arm-none-eabi/10.3.1/../../../arm-none-eabi/lib/thumb/v6-m/nofp/libc.a(lib_a-strtol.o) (__errno)
/usr/lib/gcc/arm-none-eabi/10.3.1/../../../arm-none-eabi/lib/thumb/v6-m/nofp/libc.a(lib_a-freer.o)
[...]
Memory Configuration

Name             Origin             Length             Attributes
FLASH            0x0000000010000000 0x0000000000200000 xr
RAM              0x0000000020000000 0x0000000000040000 xrw
SCRATCH_X        0x0000000020040000 0x0000000000001000 xrw
SCRATCH_Y        0x0000000020041000 0x0000000000001000 xrw
*default*        0x0000000000000000 0xffffffffffffffff

Linker script and memory map

LOAD /usr/lib/gcc/arm-none-eabi/10.3.1/thumb/v6-m/nofp/crti.o
LOAD /usr/lib/gcc/arm-none-eabi/10.3.1/thumb/v6-m/nofp/crtbegin.o
LOAD /usr/lib/gcc/arm-none-eabi/10.3.1/../../../arm-none-eabi/lib/thumb/v6-m/nofp/crt0.o

.flash_begin    0x0000000010000000        0x0
                0x0000000010000000                __flash_binary_start = .

.boot2          0x0000000010000000      0x100
                0x0000000010000000                __boot2_start__ = .
 *(.boot2)
 .boot2         0x0000000010000000      0x100 /tmp/ccjUhZ9b.o
                0x0000000010000100                __boot2_end__ = .
                0x0000000000000001                ASSERT (((__boot2_end__ - __boot2_start__) == 0x100), ERROR: Pico second stage bootloader must be 256 bytes in size)

.text           0x0000000010000100     0x7b00
                0x0000000010000100                __logical_binary_start = .
 *(.vectors)
 .vectors       0x0000000010000100       0xd4 CMakeFiles/motor4_driver.dir/home/administrator/pico/pico-sdk/src/rp2_common/pico_standard_link/crt0.S.obj
                0x0000000010000100                __vectors
                0x0000000010000100                __VECTOR_TABLE
                0x00000000100001c0                isr_invalid
                0x00000000100001c0                __default_isrs_start
                0x00000000100001c2                isr_nmi
                0x00000000100001c4                isr_hardfault
                0x00000000100001c6                isr_svcall
                0x00000000100001c8                isr_pendsv
                0x00000000100001ca                isr_systick
                0x00000000100001cc                isr_irq30
                0x00000000100001cc                __unhandled_user_irq
                0x00000000100001cc                isr_irq13
                0x00000000100001cc                isr_irq27
                0x00000000100001cc                isr_irq31
                0x00000000100001cc                isr_irq5
                0x00000000100001cc                isr_irq11
                0x00000000100001cc                isr_irq23
                0x00000000100001cc                isr_irq18
                0x00000000100001cc                isr_irq28
                0x00000000100001cc                isr_irq19
                0x00000000100001cc                isr_irq0
                0x00000000100001cc                isr_irq6
                0x00000000100001cc                isr_irq22
                0x00000000100001cc                isr_irq17
                0x00000000100001cc                isr_irq14
                0x00000000100001cc                isr_irq2
                0x00000000100001cc                isr_irq10
                0x00000000100001cc                isr_irq8
                0x00000000100001cc                isr_irq24
                0x00000000100001cc                isr_irq1
                0x00000000100001cc                isr_irq7
                0x00000000100001cc                isr_irq21
                0x00000000100001cc                isr_irq20
                0x00000000100001cc                isr_irq15
                0x00000000100001cc                isr_irq25
                0x00000000100001cc                isr_irq4
                0x00000000100001cc                isr_irq16
                0x00000000100001cc                isr_irq29
                0x00000000100001cc                isr_irq26
                0x00000000100001cc                __default_isrs_end
                0x00000000100001cc                isr_irq3
                0x00000000100001cc                isr_irq12
                0x00000000100001cc                isr_irq9
                0x00000000100001d2                unhandled_user_irq_num_in_r0
 *(.binary_info_header)
 .binary_info_header
                0x00000000100001d4       0x14 CMakeFiles/motor4_driver.dir/home/administrator/pico/pico-sdk/src/rp2_common/pico_standard_link/crt0.S.obj
                0x00000000100001e8                __binary_info_header_end = .
 *(.reset)
 .reset         0x00000000100001e8       0xa0 CMakeFiles/motor4_driver.dir/home/administrator/pico/pico-sdk/src/rp2_common/pico_standard_link/crt0.S.obj
                0x00000000100001e8                _entry_point
 .reset         0x0000000010000288       0x30 CMakeFiles/motor4_driver.dir/home/administrator/pico/pico-sdk/src/rp2_common/pico_standard_link/binary_info.c.obj
 *(.init)
 .init          0x00000000100002b8        0x4 /usr/lib/gcc/arm-none-eabi/10.3.1/thumb/v6-m/nofp/crti.o
                0x00000000100002b8                _init
 *(EXCLUDE_FILE(*libm.a: *libc.a:*lib_a-mem*.o *libgcc.a:) .text*)
 .text          0x00000000100002bc       0x98 /usr/lib/gcc/arm-none-eabi/10.3.1/thumb/v6-m/nofp/crtbegin.o
 .text.readEncoder
                0x0000000010000354       0x48 CMakeFiles/motor4_driver.dir/encoder_driver.c.obj
                0x0000000010000354                readEncoder
 .text.resetEncoders
                0x000000001000039c        0x4 CMakeFiles/motor4_driver.dir/encoder_driver.c.obj
                0x000000001000039c                resetEncoders
 .text.quadrature_encoder_program_init.constprop.0
                0x00000000100003a0       0x8c CMakeFiles/motor4_driver.dir/ROSPicoBridge.c.obj
 .text.resetPID
                0x000000001000042c       0x60 CMakeFiles/motor4_driver.dir/ROSPicoBridge.c.obj
                0x000000001000042c                resetPID
 .text.runCommand
                0x000000001000048c      0x2b0 CMakeFiles/motor4_driver.dir/ROSPicoBridge.c.obj
                0x000000001000048c                runCommand
 .text.startup.main
                0x000000001000073c      0x44c CMakeFiles/motor4_driver.dir/ROSPicoBridge.c.obj
                0x000000001000073c                main
 .text.pwm_set_freq_duty
                0x0000000010000b88       0xac CMakeFiles/motor4_driver.dir/motor_driver.c.obj
                0x0000000010000b88                pwm_set_freq_duty
 .text.BiMotorInit
                0x0000000010000c34       0x98 CMakeFiles/motor4_driver.dir/motor_driver.c.obj
                0x0000000010000c34                BiMotorInit
 .text.BiMotorspeed
                0x0000000010000ccc       0xb8 CMakeFiles/motor4_driver.dir/motor_driver.c.obj
                0x0000000010000ccc                BiMotorspeed
 .text.BiMotorOn
                0x0000000010000d84       0x2c CMakeFiles/motor4_driver.dir/motor_driver.c.obj
                0x0000000010000d84                BiMotorOn
 .text.initMotorController
                0x0000000010000db0      0x148 CMakeFiles/motor4_driver.dir/motor_driver.c.obj
                0x0000000010000db0                initMotorController
 .text.setMotorSpeeds
                0x0000000010000ef8      0x190 CMakeFiles/motor4_driver.dir/motor_driver.c.obj
                0x0000000010000ef8                setMotorSpeeds
 .text.gpio_set_function
                0x0000000010001088       0x30 CMakeFiles/motor4_driver.dir/home/administrator/pico/pico-sdk/src/rp2_common/hardware_gpio/gpio.c.obj
                0x0000000010001088                gpio_set_function
 .text.gpio_set_pulls
                0x00000000100010b8       0x30 CMakeFiles/motor4_driver.dir/home/administrator/pico/pico-sdk/src/rp2_common/hardware_gpio/gpio.c.obj
                0x00000000100010b8                gpio_set_pulls
 .text.gpio_init
                0x00000000100010e8       0x3c CMakeFiles/motor4_driver.dir/home/administrator/pico/pico-sdk/src/rp2_common/hardware_gpio/gpio.c.obj
                0x00000000100010e8                gpio_init
 .text.running_on_fpga
                0x0000000010001124       0x10 CMakeFiles/motor4_driver.dir/home/administrator/pico/pico-sdk/src/rp2_common/pico_platform/platform.c.obj
                0x0000000010001124                running_on_fpga
 .text.hw_claim_lock
                0x0000000010001134       0x18 CMakeFiles/motor4_driver.dir/home/administrator/pico/pico-sdk/src/rp2_common/hardware_claim/claim.c.obj
                0x0000000010001134                hw_claim_lock
 .text.hw_claim_unlock
                0x000000001000114c       0x14 CMakeFiles/motor4_driver.dir/home/administrator/pico/pico-sdk/src/rp2_common/hardware_claim/claim.c.obj
                0x000000001000114c                hw_claim_unlock
 .text.hw_claim_or_assert
                0x0000000010001160       0x44 CMakeFiles/motor4_driver.dir/home/administrator/pico/pico-sdk/src/rp2_common/hardware_claim/claim.c.obj
                0x0000000010001160                hw_claim_or_assert
 .text.hw_claim_unused_from_range
                0x00000000100011a4       0x9c CMakeFiles/motor4_driver.dir/home/administrator/pico/pico-sdk/src/rp2_common/hardware_claim/claim.c.obj
                0x00000000100011a4                hw_claim_unused_from_range
 .text.spin_locks_reset
                0x0000000010001240       0x1c CMakeFiles/motor4_driver.dir/home/administrator/pico/pico-sdk/src/rp2_common/hardware_sync/sync.c.obj
                0x0000000010001240                spin_locks_reset
 .text.next_striped_spin_lock_num
                0x000000001000125c       0x18 CMakeFiles/motor4_driver.dir/home/administrator/pico/pico-sdk/src/rp2_common/hardware_sync/sync.c.obj
                0x000000001000125c                next_striped_spin_lock_num
 .text.spin_lock_claim_unused
                0x0000000010001274       0x20 CMakeFiles/motor4_driver.dir/home/administrator/pico/pico-sdk/src/rp2_common/hardware_sync/sync.c.obj
                0x0000000010001274                spin_lock_claim_unused
 .text.irq_set_enabled
                0x0000000010001294       0x24 CMakeFiles/motor4_driver.dir/home/administrator/pico/pico-sdk/src/rp2_common/hardware_irq/irq.c.obj
                0x0000000010001294                irq_set_enabled
 .text.irq_set_pending
                0x00000000100012b8       0x10 CMakeFiles/motor4_driver.dir/home/administrator/pico/pico-sdk/src/rp2_common/hardware_irq/irq.c.obj
                0x00000000100012b8                irq_set_pending
 .text.irq_has_shared_handler
                0x00000000100012c8       0x2c CMakeFiles/motor4_driver.dir/home/administrator/pico/pico-sdk/src/rp2_common/hardware_irq/irq.c.obj
                0x00000000100012c8                irq_has_shared_handler
 .text.irq_get_vtable_handler
                0x00000000100012f4       0x10 CMakeFiles/motor4_driver.dir/home/administrator/pico/pico-sdk/src/rp2_common/hardware_irq/irq.c.obj
                0x00000000100012f4                irq_get_vtable_handler
 .text.irq_set_exclusive_handler
                0x0000000010001304       0x54 CMakeFiles/motor4_driver.dir/home/administrator/pico/pico-sdk/src/rp2_common/hardware_irq/irq.c.obj
                0x0000000010001304                irq_set_exclusive_handler
 .text.irq_add_shared_handler
                0x0000000010001358      0x1e8 CMakeFiles/motor4_driver.dir/home/administrator/pico/pico-sdk/src/rp2_common/hardware_irq/irq.c.obj
                0x0000000010001358                irq_add_shared_handler
 .text.irq_remove_handler
                0x0000000010001540      0x1b0 CMakeFiles/motor4_driver.dir/home/administrator/pico/pico-sdk/src/rp2_common/hardware_irq/irq.c.obj
                0x0000000010001540                irq_remove_handler
 .text.irq_add_tail_to_free_list
                0x00000000100016f0       0xb4 CMakeFiles/motor4_driver.dir/home/administrator/pico/pico-sdk/src/rp2_common/hardware_irq/irq.c.obj
                0x00000000100016f0                irq_add_tail_to_free_list
 .text.irq_init_priorities
                0x00000000100017a4       0x24 CMakeFiles/motor4_driver.dir/home/administrator/pico/pico-sdk/src/rp2_common/hardware_irq/irq.c.obj
                0x00000000100017a4                irq_init_priorities
 .text.user_irq_claim_unused
                0x00000000100017c8       0x28 CMakeFiles/motor4_driver.dir/home/administrator/pico/pico-sdk/src/rp2_common/hardware_irq/irq.c.obj
                0x00000000100017c8                user_irq_claim_unused
 .text.lock_init
                0x00000000100017f0       0x10 CMakeFiles/motor4_driver.dir/home/administrator/pico/pico-sdk/src/common/pico_sync/lock_core.c.obj
                0x00000000100017f0                lock_init
 .text.mutex_init
                0x0000000010001800       0x1c CMakeFiles/motor4_driver.dir/home/administrator/pico/pico-sdk/src/common/pico_sync/mutex.c.obj
                0x0000000010001800                mutex_init
 .text.recursive_mutex_init
                0x000000001000181c       0x1c CMakeFiles/motor4_driver.dir/home/administrator/pico/pico-sdk/src/common/pico_sync/mutex.c.obj
                0x000000001000181c                recursive_mutex_init
 .text.critical_section_init
                0x0000000010001838       0x20 CMakeFiles/motor4_driver.dir/home/administrator/pico/pico-sdk/src/common/pico_sync/critical_section.c.obj
                0x0000000010001838                critical_section_init
 .text.critical_section_init_with_lock_num
                0x0000000010001858       0x14 CMakeFiles/motor4_driver.dir/home/administrator/pico/pico-sdk/src/common/pico_sync/critical_section.c.obj
                0x0000000010001858                critical_section_init_with_lock_num
 .text.timer_pool_entry_comparator
                0x000000001000186c       0x34 CMakeFiles/motor4_driver.dir/home/administrator/pico/pico-sdk/src/common/pico_time/time.c.obj
                0x000000001000186c                timer_pool_entry_comparator
 .text.sleep_until_callback
                0x00000000100018a0       0x30 CMakeFiles/motor4_driver.dir/home/administrator/pico/pico-sdk/src/common/pico_time/time.c.obj
 .text.add_alarm_under_lock.isra.0
                0x00000000100018d0      0x100 CMakeFiles/motor4_driver.dir/home/administrator/pico/pico-sdk/src/common/pico_time/time.c.obj
 .text.alarm_pool_alarm_callback
                0x00000000100019d0      0x1bc CMakeFiles/motor4_driver.dir/home/administrator/pico/pico-sdk/src/common/pico_time/time.c.obj
 .text.alarm_pool_init_default
                0x0000000010001b8c       0x6c CMakeFiles/motor4_driver.dir/home/administrator/pico/pico-sdk/src/common/pico_time/time.c.obj
                0x0000000010001b8c                alarm_pool_init_default
 .text.alarm_pool_get_default
                0x0000000010001bf8        0x8 CMakeFiles/motor4_driver.dir/home/administrator/pico/pico-sdk/src/common/pico_time/time.c.obj
                0x0000000010001bf8                alarm_pool_get_default
 .text.alarm_pool_add_alarm_at
                0x0000000010001c00      0x178 CMakeFiles/motor4_driver.dir/home/administrator/pico/pico-sdk/src/common/pico_time/time.c.obj
                0x0000000010001c00                alarm_pool_add_alarm_at
 .text.alarm_pool_core_num
                0x0000000010001d78        0x4 CMakeFiles/motor4_driver.dir/home/administrator/pico/pico-sdk/src/common/pico_time/time.c.obj
                0x0000000010001d78                alarm_pool_core_num
 .text.sleep_until
                0x0000000010001d7c       0xc4 CMakeFiles/motor4_driver.dir/home/administrator/pico/pico-sdk/src/common/pico_time/time.c.obj
                0x0000000010001d7c                sleep_until
 .text.sleep_ms
                0x0000000010001e40       0x34 CMakeFiles/motor4_driver.dir/home/administrator/pico/pico-sdk/src/common/pico_time/time.c.obj
                0x0000000010001e40                sleep_ms
 .text.best_effort_wfe_or_timeout
                0x0000000010001e74       0xd4 CMakeFiles/motor4_driver.dir/home/administrator/pico/pico-sdk/src/common/pico_time/time.c.obj
                0x0000000010001e74                best_effort_wfe_or_timeout
 .text.hardware_alarm_irq_handler
                0x0000000010001f48       0xbc CMakeFiles/motor4_driver.dir/home/administrator/pico/pico-sdk/src/rp2_common/hardware_timer/timer.c.obj
 .text.hardware_alarm_claim
                0x0000000010002004       0x18 CMakeFiles/motor4_driver.dir/home/administrator/pico/pico-sdk/src/rp2_common/hardware_timer/timer.c.obj
                0x0000000010002004                hardware_alarm_claim
 .text.time_us_64
                0x000000001000201c       0x14 CMakeFiles/motor4_driver.dir/home/administrator/pico/pico-sdk/src/rp2_common/hardware_timer/timer.c.obj
                0x000000001000201c                time_us_64
 .text.busy_wait_us
                0x0000000010002030       0x54 CMakeFiles/motor4_driver.dir/home/administrator/pico/pico-sdk/src/rp2_common/hardware_timer/timer.c.obj
                0x0000000010002030                busy_wait_us
 .text.busy_wait_until
                0x0000000010002084       0x20 CMakeFiles/motor4_driver.dir/home/administrator/pico/pico-sdk/src/rp2_common/hardware_timer/timer.c.obj
                0x0000000010002084                busy_wait_until
 .text.hardware_alarm_set_callback
                0x00000000100020a4       0x8c CMakeFiles/motor4_driver.dir/home/administrator/pico/pico-sdk/src/rp2_common/hardware_timer/timer.c.obj
                0x00000000100020a4                hardware_alarm_set_callback
 .text.hardware_alarm_set_target
                0x0000000010002130       0xd4 CMakeFiles/motor4_driver.dir/home/administrator/pico/pico-sdk/src/rp2_common/hardware_timer/timer.c.obj
                0x0000000010002130                hardware_alarm_set_target
 .text.hardware_alarm_cancel
                0x0000000010002204       0x3c CMakeFiles/motor4_driver.dir/home/administrator/pico/pico-sdk/src/rp2_common/hardware_timer/timer.c.obj
                0x0000000010002204                hardware_alarm_cancel
 .text.ph_merge_nodes
                0x0000000010002240       0x68 CMakeFiles/motor4_driver.dir/home/administrator/pico/pico-sdk/src/common/pico_util/pheap.c.obj
 .text.ph_post_alloc_init
                0x00000000100022a8       0x3c CMakeFiles/motor4_driver.dir/home/administrator/pico/pico-sdk/src/common/pico_util/pheap.c.obj
                0x00000000100022a8                ph_post_alloc_init
 .text.ph_merge_two_pass
                0x00000000100022e4       0x90 CMakeFiles/motor4_driver.dir/home/administrator/pico/pico-sdk/src/common/pico_util/pheap.c.obj
                0x00000000100022e4                ph_merge_two_pass
 .text.ph_remove_any_head
                0x0000000010002374      0x100 CMakeFiles/motor4_driver.dir/home/administrator/pico/pico-sdk/src/common/pico_util/pheap.c.obj
 .text.ph_remove_head
                0x0000000010002474      0x104 CMakeFiles/motor4_driver.dir/home/administrator/pico/pico-sdk/src/common/pico_util/pheap.c.obj
                0x0000000010002474                ph_remove_head
 .text.ph_remove_and_free_node
                0x0000000010002578       0x7c CMakeFiles/motor4_driver.dir/home/administrator/pico/pico-sdk/src/common/pico_util/pheap.c.obj
                0x0000000010002578                ph_remove_and_free_node
 .text.clocks_init
                0x00000000100025f4      0x2d0 CMakeFiles/motor4_driver.dir/home/administrator/pico/pico-sdk/src/rp2_common/hardware_clocks/clocks.c.obj
                0x00000000100025f4                clocks_init
 .text.pll_init
                0x00000000100028c4       0xa0 CMakeFiles/motor4_driver.dir/home/administrator/pico/pico-sdk/src/rp2_common/hardware_pll/pll.c.obj
                0x00000000100028c4                pll_init
 .text.watchdog_start_tick
                0x0000000010002964       0x10 CMakeFiles/motor4_driver.dir/home/administrator/pico/pico-sdk/src/rp2_common/hardware_watchdog/watchdog.c.obj
                0x0000000010002964                watchdog_start_tick
 .text.watchdog_reboot
                0x0000000010002974       0x98 CMakeFiles/motor4_driver.dir/home/administrator/pico/pico-sdk/src/rp2_common/hardware_watchdog/watchdog.c.obj
                0x0000000010002974                watchdog_reboot
 .text.xosc_init
                0x0000000010002a0c       0x28 CMakeFiles/motor4_driver.dir/home/administrator/pico/pico-sdk/src/rp2_common/hardware_xosc/xosc.c.obj
                0x0000000010002a0c                xosc_init
 .text.runtime_init
                0x0000000010002a34       0xf0 CMakeFiles/motor4_driver.dir/home/administrator/pico/pico-sdk/src/rp2_common/pico_runtime/runtime.c.obj
                0x0000000010002a34                runtime_init
 .text._exit    0x0000000010002b24        0x4 CMakeFiles/motor4_driver.dir/home/administrator/pico/pico-sdk/src/rp2_common/pico_runtime/runtime.c.obj
                0x0000000010002b24                _exit
 .text.exit     0x0000000010002b28        0x8 CMakeFiles/motor4_driver.dir/home/administrator/pico/pico-sdk/src/rp2_common/pico_runtime/runtime.c.obj
                0x0000000010002b28                exit
 .text.panic    0x0000000010002b30       0x30 CMakeFiles/motor4_driver.dir/home/administrator/pico/pico-sdk/src/rp2_common/pico_runtime/runtime.c.obj
                0x0000000010002b30                panic
 .text.hard_assertion_failure
                0x0000000010002b60        0xc CMakeFiles/motor4_driver.dir/home/administrator/pico/pico-sdk/src/rp2_common/pico_runtime/runtime.c.obj
                0x0000000010002b60                hard_assertion_failure
 .text._out_null
                0x0000000010002b6c        0x4 CMakeFiles/motor4_driver.dir/home/administrator/pico/pico-sdk/src/rp2_common/pico_printf/printf.c.obj
 .text._out_rev
                0x0000000010002b70       0x9c CMakeFiles/motor4_driver.dir/home/administrator/pico/pico-sdk/src/rp2_common/pico_printf/printf.c.obj
 .text._ntoa_format
                0x0000000010002c0c      0x1cc CMakeFiles/motor4_driver.dir/home/administrator/pico/pico-sdk/src/rp2_common/pico_printf/printf.c.obj
 .text._out_char
                0x0000000010002dd8       0x10 CMakeFiles/motor4_driver.dir/home/administrator/pico/pico-sdk/src/rp2_common/pico_printf/printf.c.obj
 .text._out_fct
                0x0000000010002de8       0x10 CMakeFiles/motor4_driver.dir/home/administrator/pico/pico-sdk/src/rp2_common/pico_printf/printf.c.obj
 .text._etoa    0x0000000010002df8      0x44c CMakeFiles/motor4_driver.dir/home/administrator/pico/pico-sdk/src/rp2_common/pico_printf/printf.c.obj
 .text._ftoa    0x0000000010003244      0x398 CMakeFiles/motor4_driver.dir/home/administrator/pico/pico-sdk/src/rp2_common/pico_printf/printf.c.obj
 .text._vsnprintf
                0x00000000100035dc      0xb04 CMakeFiles/motor4_driver.dir/home/administrator/pico/pico-sdk/src/rp2_common/pico_printf/printf.c.obj
 .text.vfctprintf
                0x00000000100040e0       0x20 CMakeFiles/motor4_driver.dir/home/administrator/pico/pico-sdk/src/rp2_common/pico_printf/printf.c.obj
                0x00000000100040e0                vfctprintf
 .text.weak_raw_vprintf
                0x0000000010004100       0x30 CMakeFiles/motor4_driver.dir/home/administrator/pico/pico-sdk/src/rp2_common/pico_printf/printf.c.obj
                0x0000000010004100                weak_raw_vprintf
 .text          0x0000000010004130       0x10 CMakeFiles/motor4_driver.dir/home/administrator/pico/pico-sdk/src/rp2_common/pico_bit_ops/bit_ops_aeabi.S.obj
 .text.rom_func_lookup
                0x0000000010004140       0x10 CMakeFiles/motor4_driver.dir/home/administrator/pico/pico-sdk/src/rp2_common/pico_bootrom/bootrom.c.obj
                0x0000000010004140                rom_func_lookup
 .text.rom_data_lookup
                0x0000000010004150       0x10 CMakeFiles/motor4_driver.dir/home/administrator/pico/pico-sdk/src/rp2_common/pico_bootrom/bootrom.c.obj
                0x0000000010004150                rom_data_lookup
 .text.rom_funcs_lookup
                0x0000000010004160       0x44 CMakeFiles/motor4_driver.dir/home/administrator/pico/pico-sdk/src/rp2_common/pico_bootrom/bootrom.c.obj
                0x0000000010004160                rom_funcs_lookup
 .text.__wrap___aeabi_idiv
                0x00000000100041a4       0x50 CMakeFiles/motor4_driver.dir/home/administrator/pico/pico-sdk/src/rp2_common/pico_divider/divider.S.obj
                0x00000000100041a4                __wrap___aeabi_idivmod
                0x00000000100041a4                divmod_s32s32
                0x00000000100041a4                div_s32s32
                0x00000000100041a4                __wrap___aeabi_idiv
                0x00000000100041ac                divmod_s32s32_unsafe
                0x00000000100041d8                divmod_s32s32_savestate
 .text.__wrap___aeabi_uidiv
                0x00000000100041f4       0x4c CMakeFiles/motor4_driver.dir/home/administrator/pico/pico-sdk/src/rp2_common/pico_divider/divider.S.obj
                0x00000000100041f4                __wrap___aeabi_uidiv
                0x00000000100041f4                __wrap___aeabi_uidivmod
                0x00000000100041f4                div_u32u32
                0x00000000100041f4                divmod_u32u32
                0x00000000100041fc                divmod_u32u32_unsafe
                0x0000000010004224                divmod_u32u32_savestate
 .text.__wrap___aeabi_ldiv
                0x0000000010004240      0x424 CMakeFiles/motor4_driver.dir/home/administrator/pico/pico-sdk/src/rp2_common/pico_divider/divider.S.obj
                0x0000000010004240                div_s64s64
                0x0000000010004240                divmod_s64s64
                0x0000000010004240                __wrap___aeabi_ldivmod
                0x0000000010004270                div_u64u64
                0x0000000010004270                divmod_u64u64
                0x0000000010004270                __wrap___aeabi_uldivmod
                0x0000000010004280                divmod_u64u64_savestate
                0x00000000100042a0                divmod_s64s64_unsafe
                0x0000000010004328                divmod_u64u64_unsafe
 .text.__wrap___aeabi_darithmetic
                0x0000000010004664       0x80 CMakeFiles/motor4_driver.dir/home/administrator/pico/pico-sdk/src/rp2_common/pico_double/double_aeabi.S.obj
                0x0000000010004664                __wrap___aeabi_drsub
                0x000000001000466a                __wrap___aeabi_dsub
                0x000000001000467c                __wrap___aeabi_dadd
                0x000000001000468e                __wrap___aeabi_ddiv
                0x00000000100046ca                __wrap___aeabi_dmul
 .text.__wrap___aeabi_cdcmple
                0x00000000100046e4       0x6c CMakeFiles/motor4_driver.dir/home/administrator/pico/pico-sdk/src/rp2_common/pico_double/double_aeabi.S.obj
                0x00000000100046e4                __wrap___aeabi_cdrcmple
                0x00000000100046f4                __wrap___aeabi_cdcmple
                0x00000000100046f4                __wrap___aeabi_cdcmpeq
 .text.__wrap___aeabi_dcmplt
                0x0000000010004750        0xc CMakeFiles/motor4_driver.dir/home/administrator/pico/pico-sdk/src/rp2_common/pico_double/double_aeabi.S.obj
                0x0000000010004750                __wrap___aeabi_dcmplt
 .text.__wrap___aeabi_dcmple
                0x000000001000475c       0x10 CMakeFiles/motor4_driver.dir/home/administrator/pico/pico-sdk/src/rp2_common/pico_double/double_aeabi.S.obj
                0x000000001000475c                __wrap___aeabi_dcmple
 .text.__wrap___aeabi_dcmpge
                0x000000001000476c       0x10 CMakeFiles/motor4_driver.dir/home/administrator/pico/pico-sdk/src/rp2_common/pico_double/double_aeabi.S.obj
                0x000000001000476c                __wrap___aeabi_dcmpge
 .text.__wrap___aeabi_dcmpgt
                0x000000001000477c        0xa CMakeFiles/motor4_driver.dir/home/administrator/pico/pico-sdk/src/rp2_common/pico_double/double_aeabi.S.obj
                0x000000001000477c                __wrap___aeabi_dcmpgt
 .text.__wrap___aeabi_dcmpun
                0x0000000010004786       0x1c CMakeFiles/motor4_driver.dir/home/administrator/pico/pico-sdk/src/rp2_common/pico_double/double_aeabi.S.obj
                0x0000000010004786                __wrap___aeabi_dcmpun
 *fill*         0x00000000100047a2        0x2 
 .text.__wrap___aeabi_i2d
                0x00000000100047a4       0x38 CMakeFiles/motor4_driver.dir/home/administrator/pico/pico-sdk/src/rp2_common/pico_double/double_aeabi.S.obj
                0x00000000100047a4                __wrap___aeabi_ui2d
                0x00000000100047ac                __wrap___aeabi_i2d
 .text.__wrap___aeabi_d2iz
                0x00000000100047dc       0x48 CMakeFiles/motor4_driver.dir/home/administrator/pico/pico-sdk/src/rp2_common/pico_double/double_aeabi.S.obj
                0x00000000100047dc                __wrap___aeabi_d2iz
                0x00000000100047dc                double2int_z
 .text.__wrap___aeabi_d2uiz
                0x0000000010004824       0x18 CMakeFiles/motor4_driver.dir/home/administrator/pico/pico-sdk/src/rp2_common/pico_double/double_aeabi.S.obj
                0x0000000010004824                double2uint
                0x0000000010004824                __wrap___aeabi_d2uiz
 .text.__aeabi_double_init
                0x000000001000483c       0x94 CMakeFiles/motor4_driver.dir/home/administrator/pico/pico-sdk/src/rp2_common/pico_double/double_init_rom.c.obj
                0x000000001000483c                __aeabi_double_init
 .text.double_table_shim_on_use_helper
                0x00000000100048d0       0x2c CMakeFiles/motor4_driver.dir/home/administrator/pico/pico-sdk/src/rp2_common/pico_double/double_v1_rom_shim.S.obj
                0x00000000100048d0                double_table_shim_on_use_helper
 .text.__wrap___aeabi_dsub
                0x00000000100048fc       0x10 CMakeFiles/motor4_driver.dir/home/administrator/pico/pico-sdk/src/rp2_common/pico_double/double_v1_rom_shim.S.obj
                0x00000000100048fc                drsub_shim
                0x0000000010004902                dsub_shim
 .text.dadd_shim
                0x000000001000490c      0x15c CMakeFiles/motor4_driver.dir/home/administrator/pico/pico-sdk/src/rp2_common/pico_double/double_v1_rom_shim.S.obj
                0x000000001000490c                dadd_shim
 .text.dmul_shim
                0x0000000010004a68      0x15c CMakeFiles/motor4_driver.dir/home/administrator/pico/pico-sdk/src/rp2_common/pico_double/double_v1_rom_shim.S.obj
                0x0000000010004a68                dmul_shim
 .text.ddiv_shim
                0x0000000010004bc4      0x1b0 CMakeFiles/motor4_driver.dir/home/administrator/pico/pico-sdk/src/rp2_common/pico_double/double_v1_rom_shim.S.obj
                0x0000000010004bc4                ddiv_shim
 .text.double2uint_shim
                0x0000000010004d74        0xe CMakeFiles/motor4_driver.dir/home/administrator/pico/pico-sdk/src/rp2_common/pico_double/double_v1_rom_shim.S.obj
                0x0000000010004d74                double2uint_shim
                0x0000000010004d76                double2ufix_shim
 *fill*         0x0000000010004d82        0x2 
 .text.double2uint64_shim
                0x0000000010004d84       0x70 CMakeFiles/motor4_driver.dir/home/administrator/pico/pico-sdk/src/rp2_common/pico_double/double_v1_rom_shim.S.obj
                0x0000000010004d84                double2uint64_shim
                0x0000000010004d86                double2ufix64_shim
                0x0000000010004da6                d2fix_a
 .text.dunpacks
                0x0000000010004df4       0x3c CMakeFiles/motor4_driver.dir/home/administrator/pico/pico-sdk/src/rp2_common/pico_double/double_v1_rom_shim.S.obj
                0x0000000010004df4                dunpacks
 .text.__aeabi_lmul
                0x0000000010004e30       0x32 CMakeFiles/motor4_driver.dir/home/administrator/pico/pico-sdk/src/rp2_common/pico_int64_ops/pico_int64_ops_aeabi.S.obj
                0x0000000010004e30                __wrap___aeabi_lmul
 *fill*         0x0000000010004e62        0x2 
 .text.__aeabi_float_init
                0x0000000010004e64       0x64 CMakeFiles/motor4_driver.dir/home/administrator/pico/pico-sdk/src/rp2_common/pico_float/float_init_rom.c.obj
                0x0000000010004e64                __aeabi_float_init
 .text.float_table_shim_on_use_helper
                0x0000000010004ec8       0x2c CMakeFiles/motor4_driver.dir/home/administrator/pico/pico-sdk/src/rp2_common/pico_float/float_v1_rom_shim.S.obj
                0x0000000010004ec8                float_table_shim_on_use_helper
 .text          0x0000000010004ef4       0x10 CMakeFiles/motor4_driver.dir/home/administrator/pico/pico-sdk/src/rp2_common/pico_mem_ops/mem_ops_aeabi.S.obj
                0x0000000010004ef4                __aeabi_mem_init
 .text.memset   0x0000000010004f04        0xc CMakeFiles/motor4_driver.dir/home/administrator/pico/pico-sdk/src/rp2_common/pico_mem_ops/mem_ops_aeabi.S.obj
                0x0000000010004f04                __wrap_memset
 .text.memcpy   0x0000000010004f10        0xc CMakeFiles/motor4_driver.dir/home/administrator/pico/pico-sdk/src/rp2_common/pico_mem_ops/mem_ops_aeabi.S.obj
                0x0000000010004f10                __wrap___aeabi_memcpy
                0x0000000010004f10                __wrap_memcpy
 .text.stdio_out_chars_no_crlf
                0x0000000010004f1c       0x10 CMakeFiles/motor4_driver.dir/home/administrator/pico/pico-sdk/src/rp2_common/pico_stdio/stdio.c.obj
 .text.stdio_out_chars_crlf
                0x0000000010004f2c       0xb4 CMakeFiles/motor4_driver.dir/home/administrator/pico/pico-sdk/src/rp2_common/pico_stdio/stdio.c.obj
 .text.stdio_buffered_printer
                0x0000000010004fe0       0x64 CMakeFiles/motor4_driver.dir/home/administrator/pico/pico-sdk/src/rp2_common/pico_stdio/stdio.c.obj
 .text.stdio_put_string.isra.0
                0x0000000010005044       0xfc CMakeFiles/motor4_driver.dir/home/administrator/pico/pico-sdk/src/rp2_common/pico_stdio/stdio.c.obj
 .text.__wrap_putchar
                0x0000000010005140       0x98 CMakeFiles/motor4_driver.dir/home/administrator/pico/pico-sdk/src/rp2_common/pico_stdio/stdio.c.obj
                0x0000000010005140                __wrap_putchar
 .text.__wrap_puts
                0x00000000100051d8       0x3c CMakeFiles/motor4_driver.dir/home/administrator/pico/pico-sdk/src/rp2_common/pico_stdio/stdio.c.obj
                0x00000000100051d8                __wrap_puts
 .text.stdio_set_driver_enabled
                0x0000000010005214       0x30 CMakeFiles/motor4_driver.dir/home/administrator/pico/pico-sdk/src/rp2_common/pico_stdio/stdio.c.obj
                0x0000000010005214                stdio_set_driver_enabled
 .text.__wrap_vprintf
                0x0000000010005244       0xd8 CMakeFiles/motor4_driver.dir/home/administrator/pico/pico-sdk/src/rp2_common/pico_stdio/stdio.c.obj
                0x0000000010005244                __wrap_vprintf
 .text.__wrap_printf
                0x000000001000531c       0x18 CMakeFiles/motor4_driver.dir/home/administrator/pico/pico-sdk/src/rp2_common/pico_stdio/stdio.c.obj
                0x000000001000531c                __wrap_printf
 .text.stdio_init_all
                0x0000000010005334        0x8 CMakeFiles/motor4_driver.dir/home/administrator/pico/pico-sdk/src/rp2_common/pico_stdio/stdio.c.obj
                0x0000000010005334                stdio_init_all
 .text.__wrap_getchar
                0x000000001000533c       0x74 CMakeFiles/motor4_driver.dir/home/administrator/pico/pico-sdk/src/rp2_common/pico_stdio/stdio.c.obj
                0x000000001000533c                __wrap_getchar
 .text.resetd_init
                0x00000000100053b0        0x4 CMakeFiles/motor4_driver.dir/home/administrator/pico/pico-sdk/src/rp2_common/pico_stdio_usb/reset_interface.c.obj
 .text.resetd_reset
                0x00000000100053b4        0xc CMakeFiles/motor4_driver.dir/home/administrator/pico/pico-sdk/src/rp2_common/pico_stdio_usb/reset_interface.c.obj
 .text.resetd_open
                0x00000000100053c0       0x28 CMakeFiles/motor4_driver.dir/home/administrator/pico/pico-sdk/src/rp2_common/pico_stdio_usb/reset_interface.c.obj
 .text.resetd_xfer_cb
                0x00000000100053e8        0x4 CMakeFiles/motor4_driver.dir/home/administrator/pico/pico-sdk/src/rp2_common/pico_stdio_usb/reset_interface.c.obj
 .text.resetd_control_xfer_cb
                0x00000000100053ec       0x64 CMakeFiles/motor4_driver.dir/home/administrator/pico/pico-sdk/src/rp2_common/pico_stdio_usb/reset_interface.c.obj
 .text.usbd_app_driver_get_cb
                0x0000000010005450        0xc CMakeFiles/motor4_driver.dir/home/administrator/pico/pico-sdk/src/rp2_common/pico_stdio_usb/reset_interface.c.obj
                0x0000000010005450                usbd_app_driver_get_cb
 .text.tud_cdc_line_coding_cb
                0x000000001000545c       0x34 CMakeFiles/motor4_driver.dir/home/administrator/pico/pico-sdk/src/rp2_common/pico_stdio_usb/reset_interface.c.obj
                0x000000001000545c                tud_cdc_line_coding_cb
 .text.stdio_usb_set_chars_available_callback
                0x0000000010005490       0x14 CMakeFiles/motor4_driver.dir/home/administrator/pico/pico-sdk/src/rp2_common/pico_stdio_usb/stdio_usb.c.obj
                0x0000000010005490                stdio_usb_set_chars_available_callback
 .text.usb_irq  0x00000000100054a4       0x10 CMakeFiles/motor4_driver.dir/home/administrator/pico/pico-sdk/src/rp2_common/pico_stdio_usb/stdio_usb.c.obj
 .text.timer_task
                0x00000000100054b4       0x54 CMakeFiles/motor4_driver.dir/home/administrator/pico/pico-sdk/src/rp2_common/pico_stdio_usb/stdio_usb.c.obj
 .text.stdio_usb_in_chars
                0x0000000010005508       0x90 CMakeFiles/motor4_driver.dir/home/administrator/pico/pico-sdk/src/rp2_common/pico_stdio_usb/stdio_usb.c.obj
                0x0000000010005508                stdio_usb_in_chars
 .text.stdio_usb_out_chars
                0x0000000010005598      0x100 CMakeFiles/motor4_driver.dir/home/administrator/pico/pico-sdk/src/rp2_common/pico_stdio_usb/stdio_usb.c.obj
 .text.low_priority_worker_irq
                0x0000000010005698       0xa8 CMakeFiles/motor4_driver.dir/home/administrator/pico/pico-sdk/src/rp2_common/pico_stdio_usb/stdio_usb.c.obj
 .text.tud_cdc_rx_cb
                0x0000000010005740       0x20 CMakeFiles/motor4_driver.dir/home/administrator/pico/pico-sdk/src/rp2_common/pico_stdio_usb/stdio_usb.c.obj
                0x0000000010005740                tud_cdc_rx_cb
 .text.stdio_usb_init
                0x0000000010005760       0xdc CMakeFiles/motor4_driver.dir/home/administrator/pico/pico-sdk/src/rp2_common/pico_stdio_usb/stdio_usb.c.obj
                0x0000000010005760                stdio_usb_init
 .text.tud_descriptor_device_cb
                0x000000001000583c        0x8 CMakeFiles/motor4_driver.dir/home/administrator/pico/pico-sdk/src/rp2_common/pico_stdio_usb/stdio_usb_descriptors.c.obj
                0x000000001000583c                tud_descriptor_device_cb
 .text.tud_descriptor_configuration_cb
                0x0000000010005844        0x8 CMakeFiles/motor4_driver.dir/home/administrator/pico/pico-sdk/src/rp2_common/pico_stdio_usb/stdio_usb_descriptors.c.obj
                0x0000000010005844                tud_descriptor_configuration_cb
 .text.tud_descriptor_string_cb
                0x000000001000584c       0x74 CMakeFiles/motor4_driver.dir/home/administrator/pico/pico-sdk/src/rp2_common/pico_stdio_usb/stdio_usb_descriptors.c.obj
                0x000000001000584c                tud_descriptor_string_cb
 .text.startup._retrieve_unique_id_on_boot
                0x00000000100058c0       0x10 CMakeFiles/motor4_driver.dir/home/administrator/pico/pico-sdk/src/rp2_common/pico_unique_id/unique_id.c.obj
 .text.pico_get_unique_board_id_string
                0x00000000100058d0      0x1a8 CMakeFiles/motor4_driver.dir/home/administrator/pico/pico-sdk/src/rp2_common/pico_unique_id/unique_id.c.obj
                0x00000000100058d0                pico_get_unique_board_id_string
 .text.flash_get_unique_id
                0x0000000010005a78       0x40 CMakeFiles/motor4_driver.dir/home/administrator/pico/pico-sdk/src/rp2_common/hardware_flash/flash.c.obj
                0x0000000010005a78                flash_get_unique_id
 .text.dcd_int_enable
                0x0000000010005ab8        0xc CMakeFiles/motor4_driver.dir/home/administrator/pico/pico-sdk/lib/tinyusb/src/portable/raspberrypi/rp2040/dcd_rp2040.c.obj
                0x0000000010005ab8                dcd_int_enable
 .text.dcd_set_address
                0x0000000010005ac4       0x14 CMakeFiles/motor4_driver.dir/home/administrator/pico/pico-sdk/lib/tinyusb/src/portable/raspberrypi/rp2040/dcd_rp2040.c.obj
                0x0000000010005ac4                dcd_set_address
 .text.dcd_connect
                0x0000000010005ad8       0x10 CMakeFiles/motor4_driver.dir/home/administrator/pico/pico-sdk/lib/tinyusb/src/portable/raspberrypi/rp2040/dcd_rp2040.c.obj
                0x0000000010005ad8                dcd_connect
 .text.dcd_init
                0x0000000010005ae8       0x98 CMakeFiles/motor4_driver.dir/home/administrator/pico/pico-sdk/lib/tinyusb/src/portable/raspberrypi/rp2040/dcd_rp2040.c.obj
                0x0000000010005ae8                dcd_init
 .text.dcd_edpt0_status_complete
                0x0000000010005b80       0x1c CMakeFiles/motor4_driver.dir/home/administrator/pico/pico-sdk/lib/tinyusb/src/portable/raspberrypi/rp2040/dcd_rp2040.c.obj
                0x0000000010005b80                dcd_edpt0_status_complete
 .text.dcd_edpt_open
                0x0000000010005b9c      0x108 CMakeFiles/motor4_driver.dir/home/administrator/pico/pico-sdk/lib/tinyusb/src/portable/raspberrypi/rp2040/dcd_rp2040.c.obj
                0x0000000010005b9c                dcd_edpt_open
 .text.dcd_edpt_close_all
                0x0000000010005ca4        0x8 CMakeFiles/motor4_driver.dir/home/administrator/pico/pico-sdk/lib/tinyusb/src/portable/raspberrypi/rp2040/dcd_rp2040.c.obj
                0x0000000010005ca4                dcd_edpt_close_all
 .text.dcd_edpt_xfer
                0x0000000010005cac       0x24 CMakeFiles/motor4_driver.dir/home/administrator/pico/pico-sdk/lib/tinyusb/src/portable/raspberrypi/rp2040/dcd_rp2040.c.obj
                0x0000000010005cac                dcd_edpt_xfer
 .text.dcd_edpt_stall
                0x0000000010005cd0       0x38 CMakeFiles/motor4_driver.dir/home/administrator/pico/pico-sdk/lib/tinyusb/src/portable/raspberrypi/rp2040/dcd_rp2040.c.obj
                0x0000000010005cd0                dcd_edpt_stall
 .text.dcd_edpt_clear_stall
                0x0000000010005d08       0x30 CMakeFiles/motor4_driver.dir/home/administrator/pico/pico-sdk/lib/tinyusb/src/portable/raspberrypi/rp2040/dcd_rp2040.c.obj
                0x0000000010005d08                dcd_edpt_clear_stall
 .text.rp2040_usb_init
                0x0000000010005d38       0x4c CMakeFiles/motor4_driver.dir/home/administrator/pico/pico-sdk/lib/tinyusb/src/portable/raspberrypi/rp2040/rp2040_usb.c.obj
                0x0000000010005d38                rp2040_usb_init
 .text.hw_endpoint_xfer_start
                0x0000000010005d84       0x50 CMakeFiles/motor4_driver.dir/home/administrator/pico/pico-sdk/lib/tinyusb/src/portable/raspberrypi/rp2040/rp2040_usb.c.obj
                0x0000000010005d84                hw_endpoint_xfer_start
 .text.tud_mounted
                0x0000000010005dd4       0x10 CMakeFiles/motor4_driver.dir/home/administrator/pico/pico-sdk/lib/tinyusb/src/device/usbd.c.obj
                0x0000000010005dd4                tud_mounted
 .text.tud_suspended
                0x0000000010005de4       0x10 CMakeFiles/motor4_driver.dir/home/administrator/pico/pico-sdk/lib/tinyusb/src/device/usbd.c.obj
                0x0000000010005de4                tud_suspended
 .text.tud_inited
                0x0000000010005df4       0x14 CMakeFiles/motor4_driver.dir/home/administrator/pico/pico-sdk/lib/tinyusb/src/device/usbd.c.obj
                0x0000000010005df4                tud_inited
 .text.tud_init
                0x0000000010005e08       0xe4 CMakeFiles/motor4_driver.dir/home/administrator/pico/pico-sdk/lib/tinyusb/src/device/usbd.c.obj
                0x0000000010005e08                tud_init
 .text.tud_task_ext
                0x0000000010005eec      0x854 CMakeFiles/motor4_driver.dir/home/administrator/pico/pico-sdk/lib/tinyusb/src/device/usbd.c.obj
                0x0000000010005eec                tud_task_ext
 .text.usbd_open_edpt_pair
                0x0000000010006740       0x9c CMakeFiles/motor4_driver.dir/home/administrator/pico/pico-sdk/lib/tinyusb/src/device/usbd.c.obj
                0x0000000010006740                usbd_open_edpt_pair
 .text.usbd_defer_func
                0x00000000100067dc       0x48 CMakeFiles/motor4_driver.dir/home/administrator/pico/pico-sdk/lib/tinyusb/src/device/usbd.c.obj
                0x00000000100067dc                usbd_defer_func
 .text.usbd_edpt_open
                0x0000000010006824       0x34 CMakeFiles/motor4_driver.dir/home/administrator/pico/pico-sdk/lib/tinyusb/src/device/usbd.c.obj
                0x0000000010006824                usbd_edpt_open
 .text.usbd_edpt_claim
                0x0000000010006858       0x28 CMakeFiles/motor4_driver.dir/home/administrator/pico/pico-sdk/lib/tinyusb/src/device/usbd.c.obj
                0x0000000010006858                usbd_edpt_claim
 .text.usbd_edpt_release
                0x0000000010006880       0x28 CMakeFiles/motor4_driver.dir/home/administrator/pico/pico-sdk/lib/tinyusb/src/device/usbd.c.obj
                0x0000000010006880                usbd_edpt_release
 .text.usbd_edpt_xfer
                0x00000000100068a8       0x4c CMakeFiles/motor4_driver.dir/home/administrator/pico/pico-sdk/lib/tinyusb/src/device/usbd.c.obj
                0x00000000100068a8                usbd_edpt_xfer
 .text.tud_control_status
                0x00000000100068f4       0x30 CMakeFiles/motor4_driver.dir/home/administrator/pico/pico-sdk/lib/tinyusb/src/device/usbd_control.c.obj
                0x00000000100068f4                tud_control_status
 .text.tud_control_xfer
                0x0000000010006924       0xbc CMakeFiles/motor4_driver.dir/home/administrator/pico/pico-sdk/lib/tinyusb/src/device/usbd_control.c.obj
                0x0000000010006924                tud_control_xfer
 .text.usbd_control_reset
                0x00000000100069e0       0x14 CMakeFiles/motor4_driver.dir/home/administrator/pico/pico-sdk/lib/tinyusb/src/device/usbd_control.c.obj
                0x00000000100069e0                usbd_control_reset
 .text.usbd_control_set_complete_callback
                0x00000000100069f4        0xc CMakeFiles/motor4_driver.dir/home/administrator/pico/pico-sdk/lib/tinyusb/src/device/usbd_control.c.obj
                0x00000000100069f4                usbd_control_set_complete_callback
 .text.usbd_control_set_request
                0x0000000010006a00       0x1c CMakeFiles/motor4_driver.dir/home/administrator/pico/pico-sdk/lib/tinyusb/src/device/usbd_control.c.obj
                0x0000000010006a00                usbd_control_set_request
 .text.usbd_control_xfer_cb
                0x0000000010006a1c       0xfc CMakeFiles/motor4_driver.dir/home/administrator/pico/pico-sdk/lib/tinyusb/src/device/usbd_control.c.obj
                0x0000000010006a1c                usbd_control_xfer_cb
 .text.tud_cdc_n_connected
                0x0000000010006b18       0x30 CMakeFiles/motor4_driver.dir/home/administrator/pico/pico-sdk/lib/tinyusb/src/class/cdc/cdc_device.c.obj
                0x0000000010006b18                tud_cdc_n_connected
 .text.tud_cdc_n_available
                0x0000000010006b48       0x18 CMakeFiles/motor4_driver.dir/home/administrator/pico/pico-sdk/lib/tinyusb/src/class/cdc/cdc_device.c.obj
                0x0000000010006b48                tud_cdc_n_available
 .text.tud_cdc_n_read
                0x0000000010006b60       0x70 CMakeFiles/motor4_driver.dir/home/administrator/pico/pico-sdk/lib/tinyusb/src/class/cdc/cdc_device.c.obj
                0x0000000010006b60                tud_cdc_n_read
 .text.tud_cdc_n_write_flush
                0x0000000010006bd0       0x78 CMakeFiles/motor4_driver.dir/home/administrator/pico/pico-sdk/lib/tinyusb/src/class/cdc/cdc_device.c.obj
                0x0000000010006bd0                tud_cdc_n_write_flush
 .text.tud_cdc_n_write
                0x0000000010006c48       0x34 CMakeFiles/motor4_driver.dir/home/administrator/pico/pico-sdk/lib/tinyusb/src/class/cdc/cdc_device.c.obj
                0x0000000010006c48                tud_cdc_n_write
 .text.tud_cdc_n_write_available
                0x0000000010006c7c       0x18 CMakeFiles/motor4_driver.dir/home/administrator/pico/pico-sdk/lib/tinyusb/src/class/cdc/cdc_device.c.obj
                0x0000000010006c7c                tud_cdc_n_write_available
 .text.cdcd_init
                0x0000000010006c94       0x7c CMakeFiles/motor4_driver.dir/home/administrator/pico/pico-sdk/lib/tinyusb/src/class/cdc/cdc_device.c.obj
                0x0000000010006c94                cdcd_init
 .text.cdcd_reset
                0x0000000010006d10       0x2c CMakeFiles/motor4_driver.dir/home/administrator/pico/pico-sdk/lib/tinyusb/src/class/cdc/cdc_device.c.obj
                0x0000000010006d10                cdcd_reset
 .text.cdcd_open
                0x0000000010006d3c       0xe8 CMakeFiles/motor4_driver.dir/home/administrator/pico/pico-sdk/lib/tinyusb/src/class/cdc/cdc_device.c.obj
                0x0000000010006d3c                cdcd_open
 .text.cdcd_control_xfer_cb
                0x0000000010006e24       0xe4 CMakeFiles/motor4_driver.dir/home/administrator/pico/pico-sdk/lib/tinyusb/src/class/cdc/cdc_device.c.obj
                0x0000000010006e24                cdcd_control_xfer_cb
 .text.cdcd_xfer_cb
                0x0000000010006f08      0x148 CMakeFiles/motor4_driver.dir/home/administrator/pico/pico-sdk/lib/tinyusb/src/class/cdc/cdc_device.c.obj
                0x0000000010006f08                cdcd_xfer_cb
 .text.tusb_init
                0x0000000010007050        0xc CMakeFiles/motor4_driver.dir/home/administrator/pico/pico-sdk/lib/tinyusb/src/tusb.c.obj
                0x0000000010007050                tusb_init
 .text.tusb_inited
                0x000000001000705c        0x8 CMakeFiles/motor4_driver.dir/home/administrator/pico/pico-sdk/lib/tinyusb/src/tusb.c.obj
                0x000000001000705c                tusb_inited
 .text.tu_edpt_claim
                0x0000000010007064       0x50 CMakeFiles/motor4_driver.dir/home/administrator/pico/pico-sdk/lib/tinyusb/src/tusb.c.obj
                0x0000000010007064                tu_edpt_claim
 .text.tu_edpt_release
                0x00000000100070b4       0x38 CMakeFiles/motor4_driver.dir/home/administrator/pico/pico-sdk/lib/tinyusb/src/tusb.c.obj
                0x00000000100070b4                tu_edpt_release
 .text.tu_edpt_validate
                0x00000000100070ec       0x78 CMakeFiles/motor4_driver.dir/home/administrator/pico/pico-sdk/lib/tinyusb/src/tusb.c.obj
                0x00000000100070ec                tu_edpt_validate
 .text.tu_edpt_bind_driver
                0x0000000010007164       0x34 CMakeFiles/motor4_driver.dir/home/administrator/pico/pico-sdk/lib/tinyusb/src/tusb.c.obj
                0x0000000010007164                tu_edpt_bind_driver
 .text.tu_fifo_config
                0x0000000010007198       0x70 CMakeFiles/motor4_driver.dir/home/administrator/pico/pico-sdk/lib/tinyusb/src/common/tusb_fifo.c.obj
                0x0000000010007198                tu_fifo_config
 .text.tu_fifo_count
                0x0000000010007208       0x2c CMakeFiles/motor4_driver.dir/home/administrator/pico/pico-sdk/lib/tinyusb/src/common/tusb_fifo.c.obj
                0x0000000010007208                tu_fifo_count
 .text.tu_fifo_empty
                0x0000000010007234       0x10 CMakeFiles/motor4_driver.dir/home/administrator/pico/pico-sdk/lib/tinyusb/src/common/tusb_fifo.c.obj
                0x0000000010007234                tu_fifo_empty
 .text.tu_fifo_remaining
                0x0000000010007244       0x2c CMakeFiles/motor4_driver.dir/home/administrator/pico/pico-sdk/lib/tinyusb/src/common/tusb_fifo.c.obj
                0x0000000010007244                tu_fifo_remaining
 .text.tu_fifo_read
                0x0000000010007270       0xa0 CMakeFiles/motor4_driver.dir/home/administrator/pico/pico-sdk/lib/tinyusb/src/common/tusb_fifo.c.obj
                0x0000000010007270                tu_fifo_read
 .text.tu_fifo_read_n
                0x0000000010007310       0xec CMakeFiles/motor4_driver.dir/home/administrator/pico/pico-sdk/lib/tinyusb/src/common/tusb_fifo.c.obj
                0x0000000010007310                tu_fifo_read_n
 .text.tu_fifo_write
                0x00000000100073fc       0x88 CMakeFiles/motor4_driver.dir/home/administrator/pico/pico-sdk/lib/tinyusb/src/common/tusb_fifo.c.obj
                0x00000000100073fc                tu_fifo_write
 .text.tu_fifo_write_n
                0x0000000010007484      0x168 CMakeFiles/motor4_driver.dir/home/administrator/pico/pico-sdk/lib/tinyusb/src/common/tusb_fifo.c.obj
                0x0000000010007484                tu_fifo_write_n
 .text.tu_fifo_clear
                0x00000000100075ec       0x40 CMakeFiles/motor4_driver.dir/home/administrator/pico/pico-sdk/lib/tinyusb/src/common/tusb_fifo.c.obj
                0x00000000100075ec                tu_fifo_clear
 .text.tu_fifo_set_overwritable
                0x000000001000762c       0x48 CMakeFiles/motor4_driver.dir/home/administrator/pico/pico-sdk/lib/tinyusb/src/common/tusb_fifo.c.obj
                0x000000001000762c                tu_fifo_set_overwritable
 .text.pio_add_program
                0x0000000010007674       0xc8 CMakeFiles/motor4_driver.dir/home/administrator/pico/pico-sdk/src/rp2_common/hardware_pio/pio.c.obj
                0x0000000010007674                pio_add_program
 .text.pio_sm_set_consecutive_pindirs
                0x000000001000773c       0xb0 CMakeFiles/motor4_driver.dir/home/administrator/pico/pico-sdk/src/rp2_common/hardware_pio/pio.c.obj
                0x000000001000773c                pio_sm_set_consecutive_pindirs
 .text.pio_sm_init
                0x00000000100077ec       0x8c CMakeFiles/motor4_driver.dir/home/administrator/pico/pico-sdk/src/rp2_common/hardware_pio/pio.c.obj
                0x00000000100077ec                pio_sm_init
 .text          0x0000000010007878       0x18 /usr/lib/gcc/arm-none-eabi/10.3.1/../../../arm-none-eabi/lib/thumb/v6-m/nofp/libc.a(lib_a-atoi.o)
                0x0000000010007878                atoi
                0x0000000010007884                _atoi_r
 .text          0x0000000010007890       0x5c /usr/lib/gcc/arm-none-eabi/10.3.1/../../../arm-none-eabi/lib/thumb/v6-m/nofp/libc.a(lib_a-strlen-stub.o)
                0x0000000010007890                strlen
 .text          0x00000000100078ec       0x78 /usr/lib/gcc/arm-none-eabi/10.3.1/../../../arm-none-eabi/lib/thumb/v6-m/nofp/libc.a(lib_a-strtok_r.o)
                0x00000000100078ec                __strtok_r
                0x0000000010007958                strtok_r
 .text          0x0000000010007964      0x1b8 /usr/lib/gcc/arm-none-eabi/10.3.1/../../../arm-none-eabi/lib/thumb/v6-m/nofp/libc.a(lib_a-strtol.o)
                0x0000000010007aa8                _strtol_r
                0x0000000010007ac4                strtol_l
                0x0000000010007af0                strtol
 .text          0x0000000010007b1c        0xc /usr/lib/gcc/arm-none-eabi/10.3.1/../../../arm-none-eabi/lib/thumb/v6-m/nofp/libc.a(lib_a-errno.o)
                0x0000000010007b1c                __errno
 *(.fini)
 .fini          0x0000000010007b28        0x4 /usr/lib/gcc/arm-none-eabi/10.3.1/thumb/v6-m/nofp/crti.o
                0x0000000010007b28                _fini
 *fill*         0x0000000010007b2c        0x4 
 .fini.__stub   0x0000000010007b30       0xd0 linker stubs
 *crtbegin.o(.ctors)
 *crtbegin?.o(.ctors)
 *(EXCLUDE_FILE(*crtend.o *crtend?.o) .ctors)
 *(SORT_BY_NAME(.ctors.*))
 *(.ctors)
 *crtbegin.o(.dtors)
 *crtbegin?.o(.dtors)
 *(EXCLUDE_FILE(*crtend.o *crtend?.o) .dtors)
 *(SORT_BY_NAME(.dtors.*))
 *(.dtors)
 *(.eh_frame*)
 .eh_frame      0x0000000010007c00        0x0 /usr/lib/gcc/arm-none-eabi/10.3.1/thumb/v6-m/nofp/crtbegin.o
                0x0000000010007c00                . = ALIGN (0x4)

.glue_7         0x0000000010007c00        0x0
 .glue_7        0x0000000010007c00        0x0 linker stubs

.glue_7t        0x0000000010007c00        0x0
 .glue_7t       0x0000000010007c00        0x0 linker stubs

.vfp11_veneer   0x0000000010007c00        0x0
 .vfp11_veneer  0x0000000010007c00        0x0 linker stubs

.v4_bx          0x0000000010007c00        0x0
 .v4_bx         0x0000000010007c00        0x0 linker stubs

.iplt           0x0000000010007c00        0x0
 .iplt          0x0000000010007c00        0x0 /usr/lib/gcc/arm-none-eabi/10.3.1/thumb/v6-m/nofp/crtbegin.o

.rodata         0x0000000010007c00      0x7cc
 *(EXCLUDE_FILE(*libm.a: *libc.a:*lib_a-mem*.o *libgcc.a:) .rodata*)
 .rodata.runCommand.str1.4
                0x0000000010007c00       0x94 CMakeFiles/motor4_driver.dir/ROSPicoBridge.c.obj
 .rodata.runCommand
                0x0000000010007c94       0x60 CMakeFiles/motor4_driver.dir/ROSPicoBridge.c.obj
 .rodata.main.str1.4
                0x0000000010007cf4       0x62 CMakeFiles/motor4_driver.dir/ROSPicoBridge.c.obj
 *fill*         0x0000000010007d56        0x2 
 .rodata.quadrature_encoder_program
                0x0000000010007d58        0x6 CMakeFiles/motor4_driver.dir/ROSPicoBridge.c.obj
 *fill*         0x0000000010007d5e        0x2 
 .rodata.quadrature_encoder_program_instructions
                0x0000000010007d60       0x30 CMakeFiles/motor4_driver.dir/ROSPicoBridge.c.obj
 .rodata.spin_lock_claim_unused.str1.4
                0x0000000010007d90       0x1b CMakeFiles/motor4_driver.dir/home/administrator/pico/pico-sdk/src/rp2_common/hardware_sync/sync.c.obj
 *fill*         0x0000000010007dab        0x1 
 .rodata.user_irq_claim_unused.str1.4
                0x0000000010007dac       0x1b CMakeFiles/motor4_driver.dir/home/administrator/pico/pico-sdk/src/rp2_common/hardware_irq/irq.c.obj
 *fill*         0x0000000010007dc7        0x1 
 .rodata.at_the_end_of_time
                0x0000000010007dc8        0x8 CMakeFiles/motor4_driver.dir/home/administrator/pico/pico-sdk/src/common/pico_time/time.c.obj
                0x0000000010007dc8                at_the_end_of_time
 .rodata.hardware_alarm_claim.str1.4
                0x0000000010007dd0       0x22 CMakeFiles/motor4_driver.dir/home/administrator/pico/pico-sdk/src/rp2_common/hardware_timer/timer.c.obj
 *fill*         0x0000000010007df2        0x2 
 .rodata.panic.str1.4
                0x0000000010007df4       0x10 CMakeFiles/motor4_driver.dir/home/administrator/pico/pico-sdk/src/rp2_common/pico_runtime/runtime.c.obj
                                         0x12 (size before relaxing)
 .rodata.hard_assertion_failure.str1.4
                0x0000000010007e04        0xc CMakeFiles/motor4_driver.dir/home/administrator/pico/pico-sdk/src/rp2_common/pico_runtime/runtime.c.obj
 .rodata._ftoa.str1.4
                0x0000000010007e10       0x15 CMakeFiles/motor4_driver.dir/home/administrator/pico/pico-sdk/src/rp2_common/pico_printf/printf.c.obj
 *fill*         0x0000000010007e25        0x3 
 .rodata._vsnprintf
                0x0000000010007e28      0x1e0 CMakeFiles/motor4_driver.dir/home/administrator/pico/pico-sdk/src/rp2_common/pico_printf/printf.c.obj
 .rodata.pow10.0
                0x0000000010008008       0x50 CMakeFiles/motor4_driver.dir/home/administrator/pico/pico-sdk/src/rp2_common/pico_printf/printf.c.obj
 .rodata.str1.4
                0x0000000010008058       0x44 CMakeFiles/motor4_driver.dir/home/administrator/pico/pico-sdk/src/rp2_common/pico_standard_link/binary_info.c.obj
 .rodata.__bi_44
                0x000000001000809c        0xc CMakeFiles/motor4_driver.dir/home/administrator/pico/pico-sdk/src/rp2_common/pico_standard_link/binary_info.c.obj
 .rodata.__bi_75
                0x00000000100080a8        0xc CMakeFiles/motor4_driver.dir/home/administrator/pico/pico-sdk/src/rp2_common/pico_standard_link/binary_info.c.obj
 .rodata.__bi_81
                0x00000000100080b4        0xc CMakeFiles/motor4_driver.dir/home/administrator/pico/pico-sdk/src/rp2_common/pico_standard_link/binary_info.c.obj
 .rodata.crlf_str.0
                0x00000000100080c0        0x2 CMakeFiles/motor4_driver.dir/home/administrator/pico/pico-sdk/src/rp2_common/pico_stdio/stdio.c.obj
 *fill*         0x00000000100080c2        0x2 
 .rodata._resetd_driver
                0x00000000100080c4       0x18 CMakeFiles/motor4_driver.dir/home/administrator/pico/pico-sdk/src/rp2_common/pico_stdio_usb/reset_interface.c.obj
 .rodata.str1.4
                0x00000000100080dc       0x13 CMakeFiles/motor4_driver.dir/home/administrator/pico/pico-sdk/src/rp2_common/pico_stdio_usb/stdio_usb.c.obj
 *fill*         0x00000000100080ef        0x1 
 .rodata.__bi_182.0
                0x00000000100080f0        0xc CMakeFiles/motor4_driver.dir/home/administrator/pico/pico-sdk/src/rp2_common/pico_stdio_usb/stdio_usb.c.obj
 .rodata.str1.4
                0x00000000100080fc       0x2a CMakeFiles/motor4_driver.dir/home/administrator/pico/pico-sdk/src/rp2_common/pico_stdio_usb/stdio_usb_descriptors.c.obj
 *fill*         0x0000000010008126        0x2 
 .rodata.usbd_desc_cfg
                0x0000000010008128       0x54 CMakeFiles/motor4_driver.dir/home/administrator/pico/pico-sdk/src/rp2_common/pico_stdio_usb/stdio_usb_descriptors.c.obj
 .rodata.usbd_desc_device
                0x000000001000817c       0x12 CMakeFiles/motor4_driver.dir/home/administrator/pico/pico-sdk/src/rp2_common/pico_stdio_usb/stdio_usb_descriptors.c.obj
 *fill*         0x000000001000818e        0x2 
 .rodata.usbd_desc_str
                0x0000000010008190       0x18 CMakeFiles/motor4_driver.dir/home/administrator/pico/pico-sdk/src/rp2_common/pico_stdio_usb/stdio_usb_descriptors.c.obj
 .rodata.str1.4
                0x00000000100081a8       0x14 CMakeFiles/motor4_driver.dir/home/administrator/pico/pico-sdk/lib/tinyusb/src/portable/raspberrypi/rp2040/dcd_rp2040.c.obj
 .rodata.str1.4
                0x00000000100081bc       0x53 CMakeFiles/motor4_driver.dir/home/administrator/pico/pico-sdk/lib/tinyusb/src/portable/raspberrypi/rp2040/rp2040_usb.c.obj
 *fill*         0x000000001000820f        0x1 
 .rodata.tud_task_ext
                0x0000000010008210       0x8c CMakeFiles/motor4_driver.dir/home/administrator/pico/pico-sdk/lib/tinyusb/src/device/usbd.c.obj
 .rodata._usbd_driver
                0x000000001000829c       0x18 CMakeFiles/motor4_driver.dir/home/administrator/pico/pico-sdk/lib/tinyusb/src/device/usbd.c.obj
 .rodata.pio_add_program.str1.4
                0x00000000100082b4       0x11 CMakeFiles/motor4_driver.dir/home/administrator/pico/pico-sdk/src/rp2_common/hardware_pio/pio.c.obj
 *fill*         0x00000000100082c5        0x3 
 .rodata        0x00000000100082c8      0x101 /usr/lib/gcc/arm-none-eabi/10.3.1/../../../arm-none-eabi/lib/thumb/v6-m/nofp/libc.a(lib_a-ctype_.o)
                0x00000000100082c8                _ctype_
                0x00000000100083cc                . = ALIGN (0x4)
 *fill*         0x00000000100083c9        0x3 
 *(SORT_BY_ALIGNMENT(SORT_BY_NAME(.flashdata*)))
                0x00000000100083cc                . = ALIGN (0x4)

.ARM.extab
 *(.ARM.extab* .gnu.linkonce.armextab.*)
                0x00000000100083cc                __exidx_start = .

.ARM.exidx
 *(.ARM.exidx* .gnu.linkonce.armexidx.*)
                0x00000000100083cc                __exidx_end = .
                0x00000000100083cc                . = ALIGN (0x4)
                0x00000000100083cc                __binary_info_start = .

.binary_info    0x00000000100083cc       0x20
 *(.binary_info.keep.*)
 .binary_info.keep.__bi_ptr22
                0x00000000100083cc        0x4 CMakeFiles/motor4_driver.dir/home/administrator/pico/pico-sdk/src/rp2_common/pico_standard_link/binary_info.c.obj
 .binary_info.keep.__bi_ptr30
                0x00000000100083d0        0x4 CMakeFiles/motor4_driver.dir/home/administrator/pico/pico-sdk/src/rp2_common/pico_standard_link/binary_info.c.obj
 .binary_info.keep.__bi_ptr38
                0x00000000100083d4        0x4 CMakeFiles/motor4_driver.dir/home/administrator/pico/pico-sdk/src/rp2_common/pico_standard_link/binary_info.c.obj
 .binary_info.keep.__bi_ptr44
                0x00000000100083d8        0x4 CMakeFiles/motor4_driver.dir/home/administrator/pico/pico-sdk/src/rp2_common/pico_standard_link/binary_info.c.obj
 .binary_info.keep.__bi_ptr50
                0x00000000100083dc        0x4 CMakeFiles/motor4_driver.dir/home/administrator/pico/pico-sdk/src/rp2_common/pico_standard_link/binary_info.c.obj
 .binary_info.keep.__bi_ptr75
                0x00000000100083e0        0x4 CMakeFiles/motor4_driver.dir/home/administrator/pico/pico-sdk/src/rp2_common/pico_standard_link/binary_info.c.obj
 .binary_info.keep.__bi_ptr81
                0x00000000100083e4        0x4 CMakeFiles/motor4_driver.dir/home/administrator/pico/pico-sdk/src/rp2_common/pico_standard_link/binary_info.c.obj
 *(.binary_info.*)
 .binary_info.__bi_ptr182
                0x00000000100083e8        0x4 CMakeFiles/motor4_driver.dir/home/administrator/pico/pico-sdk/src/rp2_common/pico_stdio_usb/stdio_usb.c.obj
                0x00000000100083ec                __binary_info_end = .

.rel.dyn        0x00000000100083ec        0x0
 .rel.iplt      0x00000000100083ec        0x0 /usr/lib/gcc/arm-none-eabi/10.3.1/thumb/v6-m/nofp/crtbegin.o
                0x00000000100083ec                . = ALIGN (0x4)

.ram_vector_table
                0x0000000020000000       0xc0
 *(.ram_vector_table)
 .ram_vector_table
                0x0000000020000000       0xc0 CMakeFiles/motor4_driver.dir/home/administrator/pico/pico-sdk/src/rp2_common/pico_runtime/runtime.c.obj
                0x0000000020000000                ram_vector_table

.data           0x00000000200000c0     0x1298 load address 0x00000000100083ec
                0x00000000200000c0                __data_start__ = .
 *(vtable)
 *(.time_critical*)
 .time_critical.mutex_try_enter
                0x00000000200000c0       0x44 CMakeFiles/motor4_driver.dir/home/administrator/pico/pico-sdk/src/common/pico_sync/mutex.c.obj
                0x00000000200000c0                mutex_try_enter
 .time_critical.mutex_try_enter_block_until
                0x0000000020000104       0x9c CMakeFiles/motor4_driver.dir/home/administrator/pico/pico-sdk/src/common/pico_sync/mutex.c.obj
                0x0000000020000104                mutex_try_enter_block_until
 .time_critical.mutex_enter_timeout_ms
                0x00000000200001a0       0x90 CMakeFiles/motor4_driver.dir/home/administrator/pico/pico-sdk/src/common/pico_sync/mutex.c.obj
                0x00000000200001a0                mutex_enter_timeout_ms
 .time_critical.mutex_exit
                0x0000000020000230       0x28 CMakeFiles/motor4_driver.dir/home/administrator/pico/pico-sdk/src/common/pico_sync/mutex.c.obj
                0x0000000020000230                mutex_exit
 .time_critical.flash_init_boot2_copyout
                0x0000000020000258       0x30 CMakeFiles/motor4_driver.dir/home/administrator/pico/pico-sdk/src/rp2_common/hardware_flash/flash.c.obj
 .time_critical.flash_enable_xip_via_boot2
                0x0000000020000288       0x10 CMakeFiles/motor4_driver.dir/home/administrator/pico/pico-sdk/src/rp2_common/hardware_flash/flash.c.obj
 .time_critical.flash_cs_force
                0x0000000020000298       0x38 CMakeFiles/motor4_driver.dir/home/administrator/pico/pico-sdk/src/rp2_common/hardware_flash/flash.c.obj
 .time_critical.flash_do_cmd
                0x00000000200002d0       0xc4 CMakeFiles/motor4_driver.dir/home/administrator/pico/pico-sdk/src/rp2_common/hardware_flash/flash.c.obj
                0x00000000200002d0                flash_do_cmd
 .time_critical.reset_non_control_endpoints
                0x0000000020000394       0xbc CMakeFiles/motor4_driver.dir/home/administrator/pico/pico-sdk/lib/tinyusb/src/portable/raspberrypi/rp2040/dcd_rp2040.c.obj
 .time_critical.hw_handle_buff_status
                0x0000000020000450       0xa8 CMakeFiles/motor4_driver.dir/home/administrator/pico/pico-sdk/lib/tinyusb/src/portable/raspberrypi/rp2040/dcd_rp2040.c.obj
 .time_critical.dcd_rp2040_irq
                0x00000000200004f8      0x4d8 CMakeFiles/motor4_driver.dir/home/administrator/pico/pico-sdk/lib/tinyusb/src/portable/raspberrypi/rp2040/dcd_rp2040.c.obj
 .time_critical.e15_is_bulkin_ep
                0x00000000200009d0       0x28 CMakeFiles/motor4_driver.dir/home/administrator/pico/pico-sdk/lib/tinyusb/src/portable/raspberrypi/rp2040/rp2040_usb.c.obj
 .time_critical.e15_is_critical_frame_period
                0x00000000200009f8       0x34 CMakeFiles/motor4_driver.dir/home/administrator/pico/pico-sdk/lib/tinyusb/src/portable/raspberrypi/rp2040/rp2040_usb.c.obj
 .time_critical.prepare_ep_buffer
                0x0000000020000a2c       0x70 CMakeFiles/motor4_driver.dir/home/administrator/pico/pico-sdk/lib/tinyusb/src/portable/raspberrypi/rp2040/rp2040_usb.c.obj
 .time_critical.sync_ep_buffer
                0x0000000020000a9c       0x4c CMakeFiles/motor4_driver.dir/home/administrator/pico/pico-sdk/lib/tinyusb/src/portable/raspberrypi/rp2040/rp2040_usb.c.obj
 .time_critical._hw_endpoint_xfer_sync
                0x0000000020000ae8       0x28 CMakeFiles/motor4_driver.dir/home/administrator/pico/pico-sdk/lib/tinyusb/src/portable/raspberrypi/rp2040/rp2040_usb.c.obj
 .time_critical.hw_endpoint_reset_transfer
                0x0000000020000b10        0xc CMakeFiles/motor4_driver.dir/home/administrator/pico/pico-sdk/lib/tinyusb/src/portable/raspberrypi/rp2040/rp2040_usb.c.obj
                0x0000000020000b10                hw_endpoint_reset_transfer
 .time_critical._hw_endpoint_buffer_control_update32
                0x0000000020000b1c       0x58 CMakeFiles/motor4_driver.dir/home/administrator/pico/pico-sdk/lib/tinyusb/src/portable/raspberrypi/rp2040/rp2040_usb.c.obj
                0x0000000020000b1c                _hw_endpoint_buffer_control_update32
 .time_critical.hw_endpoint_start_next_buffer
                0x0000000020000b74       0x6c CMakeFiles/motor4_driver.dir/home/administrator/pico/pico-sdk/lib/tinyusb/src/portable/raspberrypi/rp2040/rp2040_usb.c.obj
                0x0000000020000b74                hw_endpoint_start_next_buffer
 .time_critical.hw_endpoint_xfer_continue
                0x0000000020000be0       0x50 CMakeFiles/motor4_driver.dir/home/administrator/pico/pico-sdk/lib/tinyusb/src/portable/raspberrypi/rp2040/rp2040_usb.c.obj
                0x0000000020000be0                hw_endpoint_xfer_continue
 .time_critical.tinyusb
                0x0000000020000c30      0x170 CMakeFiles/motor4_driver.dir/home/administrator/pico/pico-sdk/lib/tinyusb/src/device/usbd.c.obj
                0x0000000020000c30                dcd_event_handler
 *(.text*)
 .text          0x0000000020000da0        0x4 /usr/lib/gcc/arm-none-eabi/10.3.1/thumb/v6-m/nofp/libgcc.a(_dvmd_tls.o)
                0x0000000020000da0                __aeabi_ldiv0
                0x0000000020000da0                __aeabi_idiv0
 *fill*         0x0000000020000da4        0x4 
 .text.__stub   0x0000000020000da8       0x70 linker stubs
                0x0000000020000e18                . = ALIGN (0x4)
 *(.rodata*)
                0x0000000020000e18                . = ALIGN (0x4)
 *(.data*)
 .data.Kd       0x0000000020000e18        0x4 CMakeFiles/motor4_driver.dir/ROSPicoBridge.c.obj
                0x0000000020000e18                Kd
 .data.Ko       0x0000000020000e1c        0x4 CMakeFiles/motor4_driver.dir/ROSPicoBridge.c.obj
                0x0000000020000e1c                Ko
 .data.Kp       0x0000000020000e20        0x4 CMakeFiles/motor4_driver.dir/ROSPicoBridge.c.obj
                0x0000000020000e20                Kp
 .data.lastMotorCommand
                0x0000000020000e24        0x4 CMakeFiles/motor4_driver.dir/ROSPicoBridge.c.obj
                0x0000000020000e24                lastMotorCommand
 .data.nextPID  0x0000000020000e28        0x4 CMakeFiles/motor4_driver.dir/ROSPicoBridge.c.obj
                0x0000000020000e28                nextPID
 .data.striped_spin_lock_num
                0x0000000020000e2c        0x1 CMakeFiles/motor4_driver.dir/home/administrator/pico/pico-sdk/src/rp2_common/hardware_sync/sync.c.obj
 *fill*         0x0000000020000e2d        0x3 
 .data          0x0000000020000e30       0x48 CMakeFiles/motor4_driver.dir/home/administrator/pico/pico-sdk/src/rp2_common/hardware_irq/irq_handler_chain.S.obj
                0x0000000020000e30                irq_handler_chain_slots
                0x0000000020000e60                irq_handler_chain_first_slot
                0x0000000020000e6a                irq_handler_chain_remove_tail
 .data.default_alarm_pool
                0x0000000020000e78       0x18 CMakeFiles/motor4_driver.dir/home/administrator/pico/pico-sdk/src/common/pico_time/time.c.obj
 .data.default_alarm_pool_heap
                0x0000000020000e90       0x10 CMakeFiles/motor4_driver.dir/home/administrator/pico/pico-sdk/src/common/pico_time/time.c.obj
 *fill*         0x0000000020000ea0        0x0 
 .data.aeabi_bits_funcs
                0x0000000020000ea0       0x10 CMakeFiles/motor4_driver.dir/home/administrator/pico/pico-sdk/src/rp2_common/pico_bit_ops/bit_ops_aeabi.S.obj
                0x0000000020000ea0                aeabi_bits_funcs
                0x0000000020000eb0                aeabi_bits_funcs_end
 .data.aeabi_mem_funcs
                0x0000000020000eb0       0x10 CMakeFiles/motor4_driver.dir/home/administrator/pico/pico-sdk/src/rp2_common/pico_mem_ops/mem_ops_aeabi.S.obj
                0x0000000020000eb0                aeabi_mem_funcs
                0x0000000020000ec0                aeabi_mem_funcs_end
 .data.stdio_usb
                0x0000000020000ec0       0x18 CMakeFiles/motor4_driver.dir/home/administrator/pico/pico-sdk/src/rp2_common/pico_stdio_usb/stdio_usb.c.obj
                0x0000000020000ec0                stdio_usb
 .data.ep_dir_string
                0x0000000020000ed8        0x8 CMakeFiles/motor4_driver.dir/home/administrator/pico/pico-sdk/lib/tinyusb/src/portable/raspberrypi/rp2040/rp2040_usb.c.obj
                0x0000000020000ed8                ep_dir_string
 .data._usbd_qdef
                0x0000000020000ee0       0x1c CMakeFiles/motor4_driver.dir/home/administrator/pico/pico-sdk/lib/tinyusb/src/device/usbd.c.obj
                0x0000000020000ee0                _usbd_qdef
 .data._usbd_rhport
                0x0000000020000efc        0x1 CMakeFiles/motor4_driver.dir/home/administrator/pico/pico-sdk/lib/tinyusb/src/device/usbd.c.obj
 *fill*         0x0000000020000efd        0x3 
 .data          0x0000000020000f00      0x430 /usr/lib/gcc/arm-none-eabi/10.3.1/../../../arm-none-eabi/lib/thumb/v6-m/nofp/libc.a(lib_a-impure.o)
                0x0000000020000f00                _impure_ptr
                0x0000000020001330                . = ALIGN (0x4)
 *(.after_data.*)
                0x0000000020001330                . = ALIGN (0x4)
                0x0000000020001330                PROVIDE (__mutex_array_start = .)
 *(SORT_BY_NAME(.mutex_array.*))
 *(.mutex_array)
 .mutex_array   0x0000000020001330        0x8 CMakeFiles/motor4_driver.dir/home/administrator/pico/pico-sdk/src/rp2_common/pico_malloc/pico_malloc.c.obj
 .mutex_array   0x0000000020001338        0x8 CMakeFiles/motor4_driver.dir/home/administrator/pico/pico-sdk/src/rp2_common/pico_stdio/stdio.c.obj
                0x0000000020001340                PROVIDE (__mutex_array_end = .)
                0x0000000020001340                . = ALIGN (0x4)
                0x0000000020001340                PROVIDE (__preinit_array_start = .)
 *(SORT_BY_NAME(.preinit_array.*))
 .preinit_array.00001
                0x0000000020001340        0x4 CMakeFiles/motor4_driver.dir/home/administrator/pico/pico-sdk/src/rp2_common/pico_mem_ops/mem_ops_aeabi.S.obj
 .preinit_array.00010
                0x0000000020001344        0x4 CMakeFiles/motor4_driver.dir/home/administrator/pico/pico-sdk/src/rp2_common/pico_bit_ops/bit_ops_aeabi.S.obj
 .preinit_array.00020
                0x0000000020001348        0x4 CMakeFiles/motor4_driver.dir/home/administrator/pico/pico-sdk/src/rp2_common/pico_double/double_aeabi.S.obj
 .preinit_array.00020
                0x000000002000134c        0x4 CMakeFiles/motor4_driver.dir/home/administrator/pico/pico-sdk/src/rp2_common/pico_float/float_aeabi.S.obj
 *(.preinit_array)
                0x0000000020001350                PROVIDE (__preinit_array_end = .)
                0x0000000020001350                . = ALIGN (0x4)
                0x0000000020001350                PROVIDE (__init_array_start = .)
 *(SORT_BY_NAME(.init_array.*))
 *(.init_array)
 .init_array    0x0000000020001350        0x4 /usr/lib/gcc/arm-none-eabi/10.3.1/thumb/v6-m/nofp/crtbegin.o
 .init_array    0x0000000020001354        0x4 CMakeFiles/motor4_driver.dir/home/administrator/pico/pico-sdk/src/rp2_common/pico_unique_id/unique_id.c.obj
                0x0000000020001358                PROVIDE (__init_array_end = .)
                0x0000000020001358                . = ALIGN (0x4)
                0x0000000020001358                PROVIDE (__fini_array_start = .)
 *(SORT_BY_NAME(.fini_array.*))
 *(.fini_array)
                0x0000000020001358                PROVIDE (__fini_array_end = .)
 *(.jcr)
                0x0000000020001358                . = ALIGN (0x4)
                0x0000000020001358                __data_end__ = .
                0x00000000100083ec                __etext = LOADADDR (.data)

.tm_clone_table
                0x0000000020001358        0x0 load address 0x0000000010009684
 .tm_clone_table
                0x0000000020001358        0x0 /usr/lib/gcc/arm-none-eabi/10.3.1/thumb/v6-m/nofp/crtbegin.o
 .tm_clone_table
                0x0000000020001358        0x0 /usr/lib/gcc/arm-none-eabi/10.3.1/thumb/v6-m/nofp/crtend.o

.igot.plt       0x0000000020001358        0x0 load address 0x0000000010009684
 .igot.plt      0x0000000020001358        0x0 /usr/lib/gcc/arm-none-eabi/10.3.1/thumb/v6-m/nofp/crtbegin.o

.uninitialized_data
                0x0000000020001358        0x0 load address 0x0000000010009684
                0x0000000020001358                . = ALIGN (0x4)
 *(.uninitialized_data*)

.scratch_x      0x0000000020040000        0x0 load address 0x0000000010009684
                0x0000000020040000                __scratch_x_start__ = .
 *(.scratch_x.*)
                0x0000000020040000                . = ALIGN (0x4)
                0x0000000020040000                __scratch_x_end__ = .
                0x0000000010009684                __scratch_x_source__ = LOADADDR (.scratch_x)

.scratch_y      0x0000000020041000        0x0 load address 0x0000000010009684
                0x0000000020041000                __scratch_y_start__ = .
 *(.scratch_y.*)
                0x0000000020041000                . = ALIGN (0x4)
                0x0000000020041000                __scratch_y_end__ = .
                0x0000000010009684                __scratch_y_source__ = LOADADDR (.scratch_y)

.bss            0x0000000020001358      0xe58
                0x0000000020001358                . = ALIGN (0x4)
                0x0000000020001358                __bss_start__ = .
 *(SORT_BY_ALIGNMENT(SORT_BY_NAME(.bss*)))
 .bss.default_alarm_pool_entries
                0x0000000020001358      0x100 CMakeFiles/motor4_driver.dir/home/administrator/pico/pico-sdk/src/common/pico_time/time.c.obj
 .bss.last_avail_time.1
                0x0000000020001458        0x8 CMakeFiles/motor4_driver.dir/home/administrator/pico/pico-sdk/src/rp2_common/pico_stdio_usb/stdio_usb.c.obj
 .bss.leftPID   0x0000000020001460       0x20 CMakeFiles/motor4_driver.dir/ROSPicoBridge.c.obj
                0x0000000020001460                leftPID
 .bss.mot1      0x0000000020001480       0x28 CMakeFiles/motor4_driver.dir/motor_driver.c.obj
                0x0000000020001480                mot1
 .bss.mot2      0x00000000200014a8       0x28 CMakeFiles/motor4_driver.dir/motor_driver.c.obj
                0x00000000200014a8                mot2
 .bss.rightPID  0x00000000200014d0       0x20 CMakeFiles/motor4_driver.dir/ROSPicoBridge.c.obj
                0x00000000200014d0                rightPID
 .bss.sd_table  0x00000000200014f0      0x100 CMakeFiles/motor4_driver.dir/home/administrator/pico/pico-sdk/src/rp2_common/pico_double/double_init_rom.c.obj
                0x00000000200014f0                sd_table
 .bss.sf_table  0x00000000200015f0      0x100 CMakeFiles/motor4_driver.dir/home/administrator/pico/pico-sdk/src/rp2_common/pico_float/float_init_rom.c.obj
                0x00000000200015f0                sf_table
 .bss           0x00000000200016f0       0x1c /usr/lib/gcc/arm-none-eabi/10.3.1/thumb/v6-m/nofp/crtbegin.o
 .bss.Ki        0x000000002000170c        0x4 CMakeFiles/motor4_driver.dir/ROSPicoBridge.c.obj
                0x000000002000170c                Ki
 .bss._app_driver
                0x0000000020001710        0x4 CMakeFiles/motor4_driver.dir/home/administrator/pico/pico-sdk/lib/tinyusb/src/device/usbd.c.obj
 .bss._cdcd_itf
                0x0000000020001714      0x2c8 CMakeFiles/motor4_driver.dir/home/administrator/pico/pico-sdk/lib/tinyusb/src/class/cdc/cdc_device.c.obj
 .bss._ctrl_xfer
                0x00000000200019dc       0x14 CMakeFiles/motor4_driver.dir/home/administrator/pico/pico-sdk/lib/tinyusb/src/device/usbd_control.c.obj
 .bss._ubsd_mutexdef
                0x00000000200019f0        0x8 CMakeFiles/motor4_driver.dir/home/administrator/pico/pico-sdk/lib/tinyusb/src/device/usbd.c.obj
 .bss._usbd_ctrl_buf
                0x00000000200019f8       0x40 CMakeFiles/motor4_driver.dir/home/administrator/pico/pico-sdk/lib/tinyusb/src/device/usbd_control.c.obj
 .bss._usbd_dev
                0x0000000020001a38       0x53 CMakeFiles/motor4_driver.dir/home/administrator/pico/pico-sdk/lib/tinyusb/src/device/usbd.c.obj
 *fill*         0x0000000020001a8b        0x1 
 .bss._usbd_mutex
                0x0000000020001a8c        0x4 CMakeFiles/motor4_driver.dir/home/administrator/pico/pico-sdk/lib/tinyusb/src/device/usbd.c.obj
 .bss._usbd_q   0x0000000020001a90        0x4 CMakeFiles/motor4_driver.dir/home/administrator/pico/pico-sdk/lib/tinyusb/src/device/usbd.c.obj
 .bss._usbd_qdef_buf
                0x0000000020001a94       0xc0 CMakeFiles/motor4_driver.dir/home/administrator/pico/pico-sdk/lib/tinyusb/src/device/usbd.c.obj
                0x0000000020001a94                _usbd_qdef_buf
 .bss._used_instruction_space
                0x0000000020001b54        0x8 CMakeFiles/motor4_driver.dir/home/administrator/pico/pico-sdk/src/rp2_common/hardware_pio/pio.c.obj
 .bss.alarm_callbacks
                0x0000000020001b5c       0x10 CMakeFiles/motor4_driver.dir/home/administrator/pico/pico-sdk/src/rp2_common/hardware_timer/timer.c.obj
 .bss.arg       0x0000000020001b6c        0x4 CMakeFiles/motor4_driver.dir/ROSPicoBridge.c.obj
                0x0000000020001b6c                arg
 .bss.arg1      0x0000000020001b70        0x4 CMakeFiles/motor4_driver.dir/ROSPicoBridge.c.obj
                0x0000000020001b70                arg1
 .bss.arg2      0x0000000020001b74        0x4 CMakeFiles/motor4_driver.dir/ROSPicoBridge.c.obj
                0x0000000020001b74                arg2
 .bss.argv1     0x0000000020001b78       0x10 CMakeFiles/motor4_driver.dir/ROSPicoBridge.c.obj
                0x0000000020001b78                argv1
 .bss.argv2     0x0000000020001b88       0x10 CMakeFiles/motor4_driver.dir/ROSPicoBridge.c.obj
                0x0000000020001b88                argv2
 .bss.boot2_copyout
                0x0000000020001b98      0x100 CMakeFiles/motor4_driver.dir/home/administrator/pico/pico-sdk/src/rp2_common/hardware_flash/flash.c.obj
 .bss.chars_available_callback
                0x0000000020001c98        0x4 CMakeFiles/motor4_driver.dir/home/administrator/pico/pico-sdk/src/rp2_common/pico_stdio_usb/stdio_usb.c.obj
 .bss.chars_available_param
                0x0000000020001c9c        0x4 CMakeFiles/motor4_driver.dir/home/administrator/pico/pico-sdk/src/rp2_common/pico_stdio_usb/stdio_usb.c.obj
 .bss.claimed   0x0000000020001ca0        0x4 CMakeFiles/motor4_driver.dir/home/administrator/pico/pico-sdk/src/rp2_common/hardware_sync/sync.c.obj
 .bss.configured_freq
                0x0000000020001ca4       0x28 CMakeFiles/motor4_driver.dir/home/administrator/pico/pico-sdk/src/rp2_common/hardware_clocks/clocks.c.obj
 .bss.default_alarm_pool_entry_ids_high
                0x0000000020001ccc       0x10 CMakeFiles/motor4_driver.dir/home/administrator/pico/pico-sdk/src/common/pico_time/time.c.obj
 .bss.default_alarm_pool_heap_nodes
                0x0000000020001cdc       0x30 CMakeFiles/motor4_driver.dir/home/administrator/pico/pico-sdk/src/common/pico_time/time.c.obj
 .bss.desc_str.0
                0x0000000020001d0c       0x28 CMakeFiles/motor4_driver.dir/home/administrator/pico/pico-sdk/src/rp2_common/pico_stdio_usb/stdio_usb_descriptors.c.obj
 .bss.drivers   0x0000000020001d34        0x4 CMakeFiles/motor4_driver.dir/home/administrator/pico/pico-sdk/src/rp2_common/pico_stdio/stdio.c.obj
 .bss.e15_last_sof
                0x0000000020001d38        0x4 CMakeFiles/motor4_driver.dir/home/administrator/pico/pico-sdk/lib/tinyusb/src/portable/raspberrypi/rp2040/rp2040_usb.c.obj
                0x0000000020001d38                e15_last_sof
 .bss.filter    0x0000000020001d3c        0x4 CMakeFiles/motor4_driver.dir/home/administrator/pico/pico-sdk/src/rp2_common/pico_stdio/stdio.c.obj
 .bss.hw_endpoints
                0x0000000020001d40      0x400 CMakeFiles/motor4_driver.dir/home/administrator/pico/pico-sdk/lib/tinyusb/src/portable/raspberrypi/rp2040/dcd_rp2040.c.obj
 .bss.lazy_vsnprintf
                0x0000000020002140        0x4 CMakeFiles/motor4_driver.dir/home/administrator/pico/pico-sdk/src/rp2_common/pico_printf/printf.c.obj
 .bss.load_value
                0x0000000020002144        0x4 CMakeFiles/motor4_driver.dir/home/administrator/pico/pico-sdk/src/rp2_common/hardware_watchdog/watchdog.c.obj
 .bss.myindex   0x0000000020002148        0x4 CMakeFiles/motor4_driver.dir/ROSPicoBridge.c.obj
                0x0000000020002148                myindex
 .bss.next_buffer_ptr
                0x000000002000214c        0x4 CMakeFiles/motor4_driver.dir/home/administrator/pico/pico-sdk/lib/tinyusb/src/portable/raspberrypi/rp2040/dcd_rp2040.c.obj
 .bss.one_shot_timer_crit_sec
                0x0000000020002150        0x8 CMakeFiles/motor4_driver.dir/home/administrator/pico/pico-sdk/src/rp2_common/pico_stdio_usb/stdio_usb.c.obj
 .bss.pools     0x0000000020002158       0x10 CMakeFiles/motor4_driver.dir/home/administrator/pico/pico-sdk/src/common/pico_time/time.c.obj
 .bss.retrieved_id
                0x0000000020002168        0x8 CMakeFiles/motor4_driver.dir/home/administrator/pico/pico-sdk/src/rp2_common/pico_unique_id/unique_id.c.obj
 .bss.sf_clz_func
                0x0000000020002170        0x4 CMakeFiles/motor4_driver.dir/home/administrator/pico/pico-sdk/src/rp2_common/pico_double/double_init_rom.c.obj
                0x0000000020002170                sf_clz_func
 .bss.sleep_notifier
                0x0000000020002174        0x4 CMakeFiles/motor4_driver.dir/home/administrator/pico/pico-sdk/src/common/pico_time/time.c.obj
 .bss.stdio_usb_mutex
                0x0000000020002178        0x8 CMakeFiles/motor4_driver.dir/home/administrator/pico/pico-sdk/src/rp2_common/pico_stdio_usb/stdio_usb.c.obj
 .bss.target_hi
                0x0000000020002180       0x10 CMakeFiles/motor4_driver.dir/home/administrator/pico/pico-sdk/src/rp2_common/hardware_timer/timer.c.obj
 .bss.usbd_serial_str
                0x0000000020002190       0x11 CMakeFiles/motor4_driver.dir/home/administrator/pico/pico-sdk/src/rp2_common/pico_stdio_usb/stdio_usb_descriptors.c.obj
 .bss._app_driver_count
                0x00000000200021a1        0x1 CMakeFiles/motor4_driver.dir/home/administrator/pico/pico-sdk/lib/tinyusb/src/device/usbd.c.obj
 .bss._sof_enable
                0x00000000200021a2        0x1 CMakeFiles/motor4_driver.dir/home/administrator/pico/pico-sdk/lib/tinyusb/src/portable/raspberrypi/rp2040/dcd_rp2040.c.obj
 .bss.boot2_copyout_valid
                0x00000000200021a3        0x1 CMakeFiles/motor4_driver.dir/home/administrator/pico/pico-sdk/src/rp2_common/hardware_flash/flash.c.obj
 .bss.chr       0x00000000200021a4        0x1 CMakeFiles/motor4_driver.dir/ROSPicoBridge.c.obj
                0x00000000200021a4                chr
 .bss.claimed   0x00000000200021a5        0x1 CMakeFiles/motor4_driver.dir/home/administrator/pico/pico-sdk/src/rp2_common/hardware_timer/timer.c.obj
 .bss.cmd       0x00000000200021a6        0x1 CMakeFiles/motor4_driver.dir/ROSPicoBridge.c.obj
                0x00000000200021a6                cmd
 .bss.irq_hander_chain_free_slot_head
                0x00000000200021a7        0x1 CMakeFiles/motor4_driver.dir/home/administrator/pico/pico-sdk/src/rp2_common/hardware_irq/irq.c.obj
 .bss.itf_num   0x00000000200021a8        0x1 CMakeFiles/motor4_driver.dir/home/administrator/pico/pico-sdk/src/rp2_common/pico_stdio_usb/reset_interface.c.obj
 .bss.low_priority_irq_num
                0x00000000200021a9        0x1 CMakeFiles/motor4_driver.dir/home/administrator/pico/pico-sdk/src/rp2_common/pico_stdio_usb/stdio_usb.c.obj
 .bss.moving    0x00000000200021aa        0x1 CMakeFiles/motor4_driver.dir/ROSPicoBridge.c.obj
                0x00000000200021aa                moving
 .bss.one_shot_timer_pending
                0x00000000200021ab        0x1 CMakeFiles/motor4_driver.dir/home/administrator/pico/pico-sdk/src/rp2_common/pico_stdio_usb/stdio_usb.c.obj
 .bss.timer_callbacks_pending
                0x00000000200021ac        0x1 CMakeFiles/motor4_driver.dir/home/administrator/pico/pico-sdk/src/rp2_common/hardware_timer/timer.c.obj
 .bss.user_irq_claimed
                0x00000000200021ad        0x1 CMakeFiles/motor4_driver.dir/home/administrator/pico/pico-sdk/src/rp2_common/hardware_irq/irq.c.obj
 *(COMMON)
                0x00000000200021b0                . = ALIGN (0x4)
 *fill*         0x00000000200021ae        0x2 
                0x00000000200021b0                __bss_end__ = .

.heap           0x00000000200021b0      0x800
                0x00000000200021b0                __end__ = .
                0x00000000200021b0                end = __end__
 *(.heap*)
 .heap          0x00000000200021b0      0x800 CMakeFiles/motor4_driver.dir/home/administrator/pico/pico-sdk/src/rp2_common/pico_standard_link/crt0.S.obj
                0x00000000200029b0                __HeapLimit = .

.stack1_dummy   0x0000000020040000      0x800
 *(.stack1*)
 .stack1        0x0000000020040000      0x800 CMakeFiles/motor4_driver.dir/home/administrator/pico/pico-sdk/src/rp2_common/pico_multicore/multicore.c.obj

.stack_dummy    0x0000000020041000      0x800
 *(.stack*)
 .stack         0x0000000020041000      0x800 CMakeFiles/motor4_driver.dir/home/administrator/pico/pico-sdk/src/rp2_common/pico_standard_link/crt0.S.obj

.flash_end      0x0000000010009684        0x0
                0x0000000010009684                PROVIDE (__flash_binary_end = .)
                0x0000000020040000                __StackLimit = (ORIGIN (RAM) + LENGTH (RAM))
                0x0000000020041000                __StackOneTop = (ORIGIN (SCRATCH_X) + LENGTH (SCRATCH_X))
                0x0000000020042000                __StackTop = (ORIGIN (SCRATCH_Y) + LENGTH (SCRATCH_Y))
                0x0000000020040800                __StackOneBottom = (__StackOneTop - SIZEOF (.stack1_dummy))
                0x0000000020041800                __StackBottom = (__StackTop - SIZEOF (.stack_dummy))
                0x0000000020042000                PROVIDE (__stack = __StackTop)
                0x0000000000000001                ASSERT ((__StackLimit >= __HeapLimit), region RAM overflowed)
                0x0000000000000001                ASSERT (((__binary_info_header_end - __logical_binary_start) <= 0x100), Binary info must be in first 256 bytes of the binary)
LOAD CMakeFiles/motor4_driver.dir/encoder_driver.c.obj
LOAD CMakeFiles/motor4_driver.dir/ROSPicoBridge.c.obj
LOAD CMakeFiles/motor4_driver.dir/motor_driver.c.obj
LOAD CMakeFiles/motor4_driver.dir/home/administrator/pico/pico-sdk/src/rp2_common/pico_stdlib/stdlib.c.obj
LOAD CMakeFiles/motor4_driver.dir/home/administrator/pico/pico-sdk/src/rp2_common/hardware_gpio/gpio.c.obj
LOAD CMakeFiles/motor4_driver.dir/home/administrator/pico/pico-sdk/src/rp2_common/pico_platform/platform.c.obj
LOAD CMakeFiles/motor4_driver.dir/home/administrator/pico/pico-sdk/src/rp2_common/hardware_claim/claim.c.obj
LOAD CMakeFiles/motor4_driver.dir/home/administrator/pico/pico-sdk/src/rp2_common/hardware_sync/sync.c.obj
LOAD CMakeFiles/motor4_driver.dir/home/administrator/pico/pico-sdk/src/rp2_common/hardware_irq/irq.c.obj
LOAD CMakeFiles/motor4_driver.dir/home/administrator/pico/pico-sdk/src/rp2_common/hardware_irq/irq_handler_chain.S.obj
LOAD CMakeFiles/motor4_driver.dir/home/administrator/pico/pico-sdk/src/common/pico_sync/sem.c.obj
LOAD CMakeFiles/motor4_driver.dir/home/administrator/pico/pico-sdk/src/common/pico_sync/lock_core.c.obj
LOAD CMakeFiles/motor4_driver.dir/home/administrator/pico/pico-sdk/src/common/pico_sync/mutex.c.obj
LOAD CMakeFiles/motor4_driver.dir/home/administrator/pico/pico-sdk/src/common/pico_sync/critical_section.c.obj
LOAD CMakeFiles/motor4_driver.dir/home/administrator/pico/pico-sdk/src/common/pico_time/time.c.obj
LOAD CMakeFiles/motor4_driver.dir/home/administrator/pico/pico-sdk/src/common/pico_time/timeout_helper.c.obj
LOAD CMakeFiles/motor4_driver.dir/home/administrator/pico/pico-sdk/src/rp2_common/hardware_timer/timer.c.obj
LOAD CMakeFiles/motor4_driver.dir/home/administrator/pico/pico-sdk/src/common/pico_util/datetime.c.obj
LOAD CMakeFiles/motor4_driver.dir/home/administrator/pico/pico-sdk/src/common/pico_util/pheap.c.obj
LOAD CMakeFiles/motor4_driver.dir/home/administrator/pico/pico-sdk/src/common/pico_util/queue.c.obj
LOAD CMakeFiles/motor4_driver.dir/home/administrator/pico/pico-sdk/src/rp2_common/hardware_uart/uart.c.obj
LOAD CMakeFiles/motor4_driver.dir/home/administrator/pico/pico-sdk/src/rp2_common/hardware_clocks/clocks.c.obj
LOAD CMakeFiles/motor4_driver.dir/home/administrator/pico/pico-sdk/src/rp2_common/hardware_pll/pll.c.obj
LOAD CMakeFiles/motor4_driver.dir/home/administrator/pico/pico-sdk/src/rp2_common/hardware_vreg/vreg.c.obj